<html>
<body>
<pre>
<h1>µVision Build Log</h1>
<h2>Tool Versions:</h2>
IDE-Version: µVision V5.21.1.0
Copyright (C) 2016 ARM Ltd and ARM Germany GmbH. All rights reserved.
License Information: Timothy Kyalo, yhtosoft, LIC=CRMNN-YIQH1-GPUZR-KASCV-BPK1H-N4Z8J
 
Tool Versions:
Toolchain:       MDK-ARM Professional  Version: 5.21a
Toolchain Path:  C:\Keil_v5\ARM\ARMCC\Bin
C Compiler:      Armcc.exe V5.06 update 3 (build 300)
Assembler:       Armasm.exe V5.06 update 3 (build 300)
Linker/Locator:  ArmLink.exe V5.06 update 3 (build 300)
Library Manager: ArmAr.exe V5.06 update 3 (build 300)
Hex Converter:   FromElf.exe V5.06 update 3 (build 300)
CPU DLL:         
Dialog DLL:      
Target DLL:      Segger\JL2CM3.dll V2.99.23.0
Dialog DLL:      TCM.DLL V1.14.14.0
 
<h2>Project:</h2>
C:\nRF5SDK17009d13099\nRF5_SDK_17.0.0_9d13099\examples\ble_peripheral\ble_app_uart\pca10040\s132\arm5_no_packs\ble_app_uart_pca10040_s132.uvprojx
Project File Date:  09/04/2020

<h2>Output:</h2>
*** Using Compiler 'V5.06 update 3 (build 300)', folder: 'C:\Keil_v5\ARM\ARMCC\Bin'
Build target 'nrf52832_xxaa'
compiling main.c...
..\..\..\libs\Small_7.h(104): warning:  #1-D: last line of file ends without a newline
  #endif        
..\..\..\libs\ST7567.h(47): warning:  #1295-D: Deprecated declaration width - give arg types
  		int width();
..\..\..\libs\ST7567.h(54): warning:  #1295-D: Deprecated declaration height - give arg types
      int height();
..\..\..\libs\ST7567.h(252): warning:  #1-D: last line of file ends without a newline
  															uint8_t month, uint8_t year, uint8_t product, float weight, uint8_t conn);
..\..\..\libs\Keypad.h(53): warning:  #1295-D: Deprecated declaration gpio_init - give arg types
  static void gpio_init();
..\..\..\libs\Keypad.h(59): warning:  #1-D: last line of file ends without a newline
  static void timer_initialize();
..\..\..\libs\Keypad.h(59): warning:  #1295-D: Deprecated declaration timer_initialize - give arg types
  static void timer_initialize();
..\..\..\main.c(550): warning:  #177-D: variable "decNum" was declared but never referenced
  	  uint8_t decNum = 0;
..\..\..\main.c(797): warning:  #177-D: variable "sendArray" was declared but never referenced
  		static uint8_t sendArray[] = "testing1";
..\..\..\main.c(694): warning:  #177-D: function "buttons_leds_init" was declared but never referenced
  static void buttons_leds_init(bool * p_erase_bonds)
..\..\..\main.c: 10 warnings, 0 errors
linking...
Program Size: Code=34272 RO-data=5652 RW-data=444 ZI-data=14316  
FromELF: creating hex file...
".\_build\nrf52832_xxaa.axf" - 0 Error(s), 10 Warning(s).

<h2>Software Packages used:</h2>

Package Vendor: ARM
                http://www.keil.com/pack/ARM.CMSIS.5.6.0.pack
                ARM::CMSIS:CORE:5.3.0
                CMSIS (Cortex Microcontroller Software Interface Standard)
   * Component: CORE Version: 5.3.0

Package Vendor: NordicSemiconductor
                http://developer.nordicsemi.com/nRF5_SDK/pieces/nRF_DeviceFamilyPack/NordicSemiconductor.nRF_DeviceFamilyPack.8.32.1.pack
                NordicSemiconductor::Device:Startup:8.32.1
                Nordic Semiconductor nRF ARM devices Device Family Pack with BSD license.
   * Component: Startup Version: 8.32.1

<h2>Collection of Component include folders:</h2>
  C:\nRF5SDK17009d13099\nRF5_SDK_17.0.0_9d13099\examples\ble_peripheral\ble_app_uart\pca10040\s132\arm5_no_packs\RTE
  C:\Keil_v5\ARM\PACK\ARM\CMSIS\5.6.0\CMSIS\Core\Include
  C:\Keil_v5\ARM\PACK\NordicSemiconductor\nRF_DeviceFamilyPack\8.32.1\Device\Include

<h2>Collection of Component Files used:</h2>

   * Component: ARM::CMSIS:CORE:5.3.0

   * Component: NordicSemiconductor::Device:Startup:8.32.1
      Include file:  Device\Include\system_nrf.h
      Source file:   Device\Source\system_nrf52.c
      Source file:   Device\Source\arm\arm_startup_nrf52.s
      Include file:  Device\Include\system_nrf52.h
Build Time Elapsed:  00:00:02
</pre>
</body>
</html>
