Component: ARM Compiler 5.06 update 3 (build 300) Tool: armlink [4d35c9]

==============================================================================

Section Cross References

    main.o(i.RTCReadHandler) refers to ds3231.o(i.readRtcData) for readRtcData
    main.o(i.RTCReadHandler) refers to nrf_log_frontend.o(i.nrf_log_frontend_std_6) for nrf_log_frontend_std_6
    main.o(i.RTCReadHandler) refers to nrf_log_frontend.o(i.nrf_log_frontend_dequeue) for nrf_log_frontend_dequeue
    main.o(i.RTCReadHandler) refers to main.o(.data) for .data
    main.o(i.RTCReadHandler) refers to nrf_log_frontend.o(log_const_data) for m_nrf_log_app_logs_data_const
    main.o(i.assert_nrf_callback) refers to app_error_handler_keil.o(.emb_text) for app_error_handler
    main.o(i.ble_evt_handler) refers to nrf_log_frontend.o(i.nrf_log_frontend_std_0) for nrf_log_frontend_std_0
    main.o(i.ble_evt_handler) refers to bsp.o(i.bsp_indication_set) for bsp_indication_set
    main.o(i.ble_evt_handler) refers to app_error.o(i.app_error_handler_bare) for app_error_handler_bare
    main.o(i.ble_evt_handler) refers to nrf_ble_qwr.o(i.nrf_ble_qwr_conn_handle_assign) for nrf_ble_qwr_conn_handle_assign
    main.o(i.ble_evt_handler) refers to main.o(.data) for .data
    main.o(i.ble_evt_handler) refers to nrf_log_frontend.o(log_const_data) for m_nrf_log_app_logs_data_const
    main.o(i.ble_evt_handler) refers to main.o(.bss) for .bss
    main.o(i.bsp_event_handler) refers to main.o(i.sleep_mode_enter) for sleep_mode_enter
    main.o(i.bsp_event_handler) refers to app_error.o(i.app_error_handler_bare) for app_error_handler_bare
    main.o(i.bsp_event_handler) refers to ble_advertising.o(i.ble_advertising_restart_without_whitelist) for ble_advertising_restart_without_whitelist
    main.o(i.bsp_event_handler) refers to main.o(.data) for .data
    main.o(i.bsp_event_handler) refers to main.o(.bss) for .bss
    main.o(i.conn_params_error_handler) refers to app_error.o(i.app_error_handler_bare) for app_error_handler_bare
    main.o(i.display_upd_timer_handler) refers to st7567.o(i.displayMainInterface) for displayMainInterface
    main.o(i.display_upd_timer_handler) refers to main.o(.data) for .data
    main.o(i.gatt_evt_handler) refers to nrf_log_frontend.o(i.nrf_log_frontend_std_2) for nrf_log_frontend_std_2
    main.o(i.gatt_evt_handler) refers to main.o(.data) for .data
    main.o(i.gatt_evt_handler) refers to nrf_log_frontend.o(log_const_data) for m_nrf_log_app_logs_data_const
    main.o(i.gatt_init) refers to nrf_ble_gatt.o(i.nrf_ble_gatt_init) for nrf_ble_gatt_init
    main.o(i.gatt_init) refers to app_error.o(i.app_error_handler_bare) for app_error_handler_bare
    main.o(i.gatt_init) refers to nrf_ble_gatt.o(i.nrf_ble_gatt_att_mtu_periph_set) for nrf_ble_gatt_att_mtu_periph_set
    main.o(i.gatt_init) refers to main.o(i.gatt_evt_handler) for gatt_evt_handler
    main.o(i.gatt_init) refers to main.o(.bss) for .bss
    main.o(i.main) refers to memcpya.o(.text) for __aeabi_memcpy4
    main.o(i.main) refers to app_uart_fifo.o(i.app_uart_init) for app_uart_init
    main.o(i.main) refers to app_error.o(i.app_error_handler_bare) for app_error_handler_bare
    main.o(i.main) refers to nrf_log_frontend.o(i.nrf_log_init) for nrf_log_init
    main.o(i.main) refers to nrf_log_default_backends.o(i.nrf_log_default_backends_init) for nrf_log_default_backends_init
    main.o(i.main) refers to app_timer2.o(i.app_timer_init) for app_timer_init
    main.o(i.main) refers to app_timer2.o(i.app_timer_create) for app_timer_create
    main.o(i.main) refers to nrf_pwr_mgmt.o(i.nrf_pwr_mgmt_init) for nrf_pwr_mgmt_init
    main.o(i.main) refers to nrf_sdh.o(i.nrf_sdh_enable_request) for nrf_sdh_enable_request
    main.o(i.main) refers to nrf_sdh_ble.o(i.nrf_sdh_ble_default_cfg_set) for nrf_sdh_ble_default_cfg_set
    main.o(i.main) refers to nrf_sdh_ble.o(i.nrf_sdh_ble_enable) for nrf_sdh_ble_enable
    main.o(i.main) refers to main.o(i.gatt_init) for gatt_init
    main.o(i.main) refers to nrf_ble_qwr.o(i.nrf_ble_qwr_init) for nrf_ble_qwr_init
    main.o(i.main) refers to ble_nus.o(i.ble_nus_init) for ble_nus_init
    main.o(i.main) refers to memseta.o(.text) for __aeabi_memclr4
    main.o(i.main) refers to ble_advertising.o(i.ble_advertising_init) for ble_advertising_init
    main.o(i.main) refers to ble_advertising.o(i.ble_advertising_conn_cfg_tag_set) for ble_advertising_conn_cfg_tag_set
    main.o(i.main) refers to ble_conn_params.o(i.ble_conn_params_init) for ble_conn_params_init
    main.o(i.main) refers to ds3231.o(i.RTC_begin) for RTC_begin
    main.o(i.main) refers to st7567.o(i.lcd_begin) for lcd_begin
    main.o(i.main) refers to st7567.o(i.displayMainInterface) for displayMainInterface
    main.o(i.main) refers to keypad.o(i.keypadBegin) for keypadBegin
    main.o(i.main) refers to app_timer2.o(i.app_timer_start) for app_timer_start
    main.o(i.main) refers to app_scheduler.o(i.app_sched_init) for app_sched_init
[...]
    TIMER4_IRQHandler                        0x000263db   Thumb Code     0  arm_startup_nrf52.o(.text)
    WDT_IRQHandler                           0x000263db   Thumb Code     0  arm_startup_nrf52.o(.text)
    __aeabi_uldivmod                         0x000263e5   Thumb Code    98  uldiv.o(.text)
    __aeabi_llsl                             0x00026447   Thumb Code    30  llshl.o(.text)
    _ll_shift_l                              0x00026447   Thumb Code     0  llshl.o(.text)
    __rt_ctype_table                         0x00026465   Thumb Code     4  ctype_o.o(.text)
    __aeabi_memcpy                           0x0002646d   Thumb Code    36  memcpya.o(.text)
    __aeabi_memcpy4                          0x0002646d   Thumb Code     0  memcpya.o(.text)
    __aeabi_memcpy8                          0x0002646d   Thumb Code     0  memcpya.o(.text)
    __aeabi_memset                           0x00026491   Thumb Code    14  memseta.o(.text)
    __aeabi_memset4                          0x00026491   Thumb Code     0  memseta.o(.text)
    __aeabi_memset8                          0x00026491   Thumb Code     0  memseta.o(.text)
    __aeabi_memclr                           0x0002649f   Thumb Code     4  memseta.o(.text)
    __aeabi_memclr4                          0x0002649f   Thumb Code     0  memseta.o(.text)
    __aeabi_memclr8                          0x0002649f   Thumb Code     0  memseta.o(.text)
    _memset$wrapper                          0x000264a3   Thumb Code    18  memseta.o(.text)
    strlen                                   0x000264b5   Thumb Code    14  strlen.o(.text)
    strcpy                                   0x000264c3   Thumb Code    18  strcpy.o(.text)
    __aeabi_f2d                              0x000264d5   Thumb Code    38  f2d.o(.text)
    __aeabi_uidiv                            0x000264fb   Thumb Code     0  uidiv.o(.text)
    __aeabi_uidivmod                         0x000264fb   Thumb Code    44  uidiv.o(.text)
    __aeabi_llsr                             0x00026527   Thumb Code    32  llushr.o(.text)
    _ll_ushift_r                             0x00026527   Thumb Code     0  llushr.o(.text)
    __I$use$fp                               0x00026547   Thumb Code     0  iusefp.o(.text)
    __aeabi_dadd                             0x00026547   Thumb Code   322  dadd.o(.text)
    __aeabi_dsub                             0x00026689   Thumb Code     6  dadd.o(.text)
    __aeabi_drsub                            0x0002668f   Thumb Code     6  dadd.o(.text)
    __aeabi_dmul                             0x00026695   Thumb Code   228  dmul.o(.text)
    __aeabi_ddiv                             0x00026779   Thumb Code   222  ddiv.o(.text)
    __aeabi_d2ulz                            0x00026857   Thumb Code    48  dfixul.o(.text)
    __aeabi_cdrcmple                         0x00026889   Thumb Code    48  cdrcmple.o(.text)
    __scatterload                            0x000268b9   Thumb Code    28  init.o(.text)
    __scatterload_rt2                        0x000268b9   Thumb Code     0  init.o(.text)
    __aeabi_lasr                             0x000268dd   Thumb Code    36  llsshr.o(.text)
    _ll_sshift_r                             0x000268dd   Thumb Code     0  llsshr.o(.text)
    _double_round                            0x00026901   Thumb Code    30  depilogue.o(.text)
    _double_epilogue                         0x0002691f   Thumb Code   156  depilogue.o(.text)
    __decompress                             0x000269bb   Thumb Code     0  __dczerorl2.o(.text)
    __decompress1                            0x000269bb   Thumb Code    86  __dczerorl2.o(.text)
    BCDToByte                                0x00026a11   Thumb Code    18  ds3231.o(i.BCDToByte)
    GPIOTE_IRQHandler                        0x00026a25   Thumb Code   154  nrfx_gpiote.o(i.GPIOTE_IRQHandler)
    POWER_CLOCK_IRQHandler                   0x00026ac9   Thumb Code    82  nrfx_clock.o(i.POWER_CLOCK_IRQHandler)
    RTC1_IRQHandler                          0x00026b21   Thumb Code    12  drv_rtc.o(i.RTC1_IRQHandler)
    RTC_begin                                0x00026ba1   Thumb Code    72  ds3231.o(i.RTC_begin)
    SEGGER_RTT_Init                          0x00026bfd   Thumb Code     4  segger_rtt.o(i.SEGGER_RTT_Init)
    SEGGER_RTT_WriteNoLock                   0x00026c01   Thumb Code    86  segger_rtt.o(i.SEGGER_RTT_WriteNoLock)
    SPIM0_SPIS0_TWIM0_TWIS0_SPI0_TWI0_IRQHandler 0x00026c5d   Thumb Code    76  nrfx_spim.o(i.SPIM0_SPIS0_TWIM0_TWIS0_SPI0_TWI0_IRQHandler)
    SPIM1_SPIS1_TWIM1_TWIS1_SPI1_TWI1_IRQHandler 0x00026cb1   Thumb Code    10  nrfx_twim.o(i.SPIM1_SPIS1_TWIM1_TWIS1_SPI1_TWI1_IRQHandler)
    SWI2_EGU2_IRQHandler                     0x00026cc1   Thumb Code     4  nrf_sdh.o(i.SWI2_EGU2_IRQHandler)
    SystemInit                               0x00026cc5   Thumb Code   848  system_nrf52.o(i.SystemInit)
    UARTE0_UART0_IRQHandler                  0x0002705d   Thumb Code     6  nrfx_prs.o(i.UARTE0_UART0_IRQHandler)
    __0sprintf                               0x0002719d   Thumb Code    34  printfa.o(i.__0sprintf)
    __1sprintf                               0x0002719d   Thumb Code     0  printfa.o(i.__0sprintf)
    __2sprintf                               0x0002719d   Thumb Code     0  printfa.o(i.__0sprintf)
    __c89sprintf                             0x0002719d   Thumb Code     0  printfa.o(i.__0sprintf)
    sprintf                                  0x0002719d   Thumb Code     0  printfa.o(i.__0sprintf)
    __scatterload_copy                       0x000271c5   Thumb Code    14  handlers.o(i.__scatterload_copy)
    __scatterload_null                       0x000271d3   Thumb Code     2  handlers.o(i.__scatterload_null)
    __scatterload_zeroinit                   0x000271d5   Thumb Code    14  handlers.o(i.__scatterload_zeroinit)
    _putc                                    0x00027abd   Thumb Code    64  st7567.o(i._putc)
    app_error_fault_handler                  0x00027b51   Thumb Code    86  app_error_weak.o(i.app_error_fault_handler)
    app_error_handler_bare                   0x00027bd5   Thumb Code    22  app_error.o(i.app_error_handler_bare)
    app_fifo_get                             0x00027beb   Thumb Code    22  app_fifo.o(i.app_fifo_get)
    app_fifo_init                            0x00027c01   Thumb Code    32  app_fifo.o(i.app_fifo_init)
    app_fifo_put                             0x00027c21   Thumb Code    26  app_fifo.o(i.app_fifo_put)
    app_sched_event_put                      0x00027c3d   Thumb Code   154  app_scheduler.o(i.app_sched_event_put)
    app_sched_execute                        0x00027cdd   Thumb Code    58  app_scheduler.o(i.app_sched_execute)
    app_sched_init                           0x00027d1d   Thumb Code    40  app_scheduler.o(i.app_sched_init)
    app_timer_cnt_get                        0x00027d49   Thumb Code     6  app_timer2.o(i.app_timer_cnt_get)
    app_timer_create                         0x00027d55   Thumb Code    22  app_timer2.o(i.app_timer_create)
    app_timer_init                           0x00027d6d   Thumb Code    70  app_timer2.o(i.app_timer_init)
    app_timer_start                          0x00027dc9   Thumb Code    48  app_timer2.o(i.app_timer_start)
    app_timer_stop                           0x00027df9   Thumb Code    12  app_timer2.o(i.app_timer_stop)
    app_uart_get                             0x00027e05   Thumb Code    42  app_uart_fifo.o(i.app_uart_get)
    app_uart_init                            0x00027e39   Thumb Code   148  app_uart_fifo.o(i.app_uart_init)
    app_uart_put                             0x00027edd   Thumb Code    70  app_uart_fifo.o(i.app_uart_put)
    app_util_critical_region_enter           0x00027f31   Thumb Code    64  app_util_platform.o(i.app_util_critical_region_enter)
    app_util_critical_region_exit            0x00027f79   Thumb Code    46  app_util_platform.o(i.app_util_critical_region_exit)
    blcm_link_ctx_get                        0x000280bd   Thumb Code    72  ble_link_ctx_manager.o(i.blcm_link_ctx_get)
    ble_advdata_encode                       0x00028105   Thumb Code   386  ble_advdata.o(i.ble_advdata_encode)
    ble_advdata_parse                        0x00028287   Thumb Code    32  ble_advdata.o(i.ble_advdata_parse)
    ble_advdata_search                       0x000282a7   Thumb Code    70  ble_advdata.o(i.ble_advdata_search)
    ble_advertising_conn_cfg_tag_set         0x000282ed   Thumb Code     6  ble_advertising.o(i.ble_advertising_conn_cfg_tag_set)
    ble_advertising_init                     0x000282f3   Thumb Code   248  ble_advertising.o(i.ble_advertising_init)
    ble_advertising_on_ble_evt               0x000283eb   Thumb Code   106  ble_advertising.o(i.ble_advertising_on_ble_evt)
    ble_advertising_start                    0x00028455   Thumb Code   560  ble_advertising.o(i.ble_advertising_start)
    ble_conn_params_init                     0x00028685   Thumb Code    90  ble_conn_params.o(i.ble_conn_params_init)
    ble_conn_state_conn_idx                  0x000286ed   Thumb Code    18  ble_conn_state.o(i.ble_conn_state_conn_idx)
    ble_conn_state_valid                     0x00028701   Thumb Code    16  ble_conn_state.o(i.ble_conn_state_valid)
    ble_nus_data_send                        0x00028ad9   Thumb Code   102  ble_nus.o(i.ble_nus_data_send)
    ble_nus_init                             0x00028b41   Thumb Code   206  ble_nus.o(i.ble_nus_init)
    ble_nus_on_ble_evt                       0x00028c15   Thumb Code   118  ble_nus.o(i.ble_nus_on_ble_evt)
    ble_srv_is_notification_enabled          0x00028c8b   Thumb Code     8  ble_srv_common.o(i.ble_srv_is_notification_enabled)
    bsp_board_button_idx_to_pin              0x00028c95   Thumb Code     6  boards.o(i.bsp_board_button_idx_to_pin)
    bsp_board_led_invert                     0x00028ca1   Thumb Code    32  boards.o(i.bsp_board_led_invert)
    bsp_board_led_off                        0x00028cc5   Thumb Code    10  boards.o(i.bsp_board_led_off)
    bsp_board_led_on                         0x00028cd5   Thumb Code    10  boards.o(i.bsp_board_led_on)
    bsp_board_led_state_get                  0x00028ce5   Thumb Code    28  boards.o(i.bsp_board_led_state_get)
    bsp_board_leds_off                       0x00028d05   Thumb Code    18  boards.o(i.bsp_board_leds_off)
    bsp_board_leds_on                        0x00028d17   Thumb Code    18  boards.o(i.bsp_board_leds_on)
    bsp_board_pin_to_button_idx              0x00028d29   Thumb Code    30  boards.o(i.bsp_board_pin_to_button_idx)
    bsp_btn_ble_sleep_mode_prepare           0x00028d4d   Thumb Code    30  bsp_btn_ble.o(i.bsp_btn_ble_sleep_mode_prepare)
    bsp_event_to_button_action_assign        0x00028dfd   Thumb Code    64  bsp.o(i.bsp_event_to_button_action_assign)
    bsp_indication_set                       0x00028e41   Thumb Code    20  bsp.o(i.bsp_indication_set)
    bsp_wakeup_button_enable                 0x00029021   Thumb Code     6  bsp.o(i.bsp_wakeup_button_enable)
    buffer_is_empty                          0x000290ed   Thumb Code    18  nrf_log_frontend.o(i.buffer_is_empty)
    button_scheduler_event_handler           0x000291f9   Thumb Code     6  keypad.o(i.button_scheduler_event_handler)
    character                                0x00029289   Thumb Code   164  st7567.o(i.character)
    characteristic_add                       0x00029331   Thumb Code   400  ble_srv_common.o(i.characteristic_add)
    conn_handle_list_get                     0x0002951d   Thumb Code    62  ble_conn_state.o(i.conn_handle_list_get)
    copy_to_lcd                              0x00029631   Thumb Code    76  st7567.o(i.copy_to_lcd)
    debounce_timer_handler                   0x00029745   Thumb Code    56  keypad.o(i.debounce_timer_handler)
    displayMainInterface                     0x0002979d   Thumb Code   350  st7567.o(i.displayMainInterface)
    drv_rtc_compare_disable                  0x000299a5   Thumb Code    20  drv_rtc.o(i.drv_rtc_compare_disable)
    drv_rtc_compare_pending                  0x000299b9   Thumb Code    14  drv_rtc.o(i.drv_rtc_compare_pending)
    drv_rtc_compare_set                      0x000299c7   Thumb Code    80  drv_rtc.o(i.drv_rtc_compare_set)
    drv_rtc_counter_get                      0x00029a17   Thumb Code     8  drv_rtc.o(i.drv_rtc_counter_get)
    drv_rtc_init                             0x00029a21   Thumb Code   148  drv_rtc.o(i.drv_rtc_init)
    drv_rtc_irq_trigger                      0x00029af9   Thumb Code    30  drv_rtc.o(i.drv_rtc_irq_trigger)
    drv_rtc_overflow_enable                  0x00029b17   Thumb Code     8  drv_rtc.o(i.drv_rtc_overflow_enable)
    drv_rtc_overflow_pending                 0x00029b1f   Thumb Code     8  drv_rtc.o(i.drv_rtc_overflow_pending)
    drv_rtc_start                            0x00029b27   Thumb Code     8  drv_rtc.o(i.drv_rtc_start)
    drv_rtc_stop                             0x00029b2f   Thumb Code     8  drv_rtc.o(i.drv_rtc_stop)
    drv_rtc_windowed_compare_set             0x00029b37   Thumb Code   222  drv_rtc.o(i.drv_rtc_windowed_compare_set)
    gatt_evt_handler                         0x00029c95   Thumb Code    52  main.o(i.gatt_evt_handler)
    gatt_init                                0x00029cf1   Thumb Code    38  main.o(i.gatt_init)
    height                                   0x00029ded   Thumb Code    18  st7567.o(i.height)
    keypadBegin                              0x00029fc1   Thumb Code    98  keypad.o(i.keypadBegin)
    lcd_begin                                0x0002a04d   Thumb Code   280  st7567.o(i.lcd_begin)
    line                                     0x0002a1a9   Thumb Code   166  st7567.o(i.line)
    locate                                   0x0002a26d   Thumb Code     8  st7567.o(i.locate)
    main                                     0x0002a31d   Thumb Code   760  main.o(i.main)
    nrf_atfifo_init                          0x0002a84f   Thumb Code    38  nrf_atfifo.o(i.nrf_atfifo_init)
    nrf_atfifo_item_alloc                    0x0002a875   Thumb Code    22  nrf_atfifo.o(i.nrf_atfifo_item_alloc)
    nrf_atfifo_item_free                     0x0002a88b   Thumb Code    22  nrf_atfifo.o(i.nrf_atfifo_item_free)
    nrf_atfifo_item_get                      0x0002a8a1   Thumb Code    22  nrf_atfifo.o(i.nrf_atfifo_item_get)
    nrf_atfifo_item_put                      0x0002a8b7   Thumb Code    22  nrf_atfifo.o(i.nrf_atfifo_item_put)
    nrf_atflags_clear                        0x0002a8cd   Thumb Code    22  nrf_atflags.o(i.nrf_atflags_clear)
    nrf_atflags_get                          0x0002a8e3   Thumb Code    22  nrf_atflags.o(i.nrf_atflags_get)
    nrf_atflags_set                          0x0002a8f9   Thumb Code    20  nrf_atflags.o(i.nrf_atflags_set)
    nrf_atomic_flag_clear_fetch              0x0002a90d   Thumb Code     6  nrf_atomic.o(i.nrf_atomic_flag_clear_fetch)
    nrf_atomic_flag_set                      0x0002a913   Thumb Code     6  nrf_atomic.o(i.nrf_atomic_flag_set)
    nrf_atomic_u32_add                       0x0002a919   Thumb Code    12  nrf_atomic.o(i.nrf_atomic_u32_add)
    nrf_atomic_u32_and                       0x0002a925   Thumb Code    12  nrf_atomic.o(i.nrf_atomic_u32_and)
    nrf_atomic_u32_fetch_and                 0x0002a931   Thumb Code    10  nrf_atomic.o(i.nrf_atomic_u32_fetch_and)
    nrf_atomic_u32_fetch_store               0x0002a93b   Thumb Code    10  nrf_atomic.o(i.nrf_atomic_u32_fetch_store)
    nrf_atomic_u32_or                        0x0002a945   Thumb Code    12  nrf_atomic.o(i.nrf_atomic_u32_or)
    nrf_atomic_u32_sub                       0x0002a951   Thumb Code    12  nrf_atomic.o(i.nrf_atomic_u32_sub)
    nrf_balloc_alloc                         0x0002a95d   Thumb Code    68  nrf_balloc.o(i.nrf_balloc_alloc)
    nrf_balloc_free                          0x0002a9a1   Thumb Code    48  nrf_balloc.o(i.nrf_balloc_free)
    nrf_balloc_init                          0x0002a9d1   Thumb Code    48  nrf_balloc.o(i.nrf_balloc_init)
    nrf_ble_gatt_att_mtu_periph_set          0x0002aa11   Thumb Code    24  nrf_ble_gatt.o(i.nrf_ble_gatt_att_mtu_periph_set)
    nrf_ble_gatt_init                        0x0002aa29   Thumb Code    34  nrf_ble_gatt.o(i.nrf_ble_gatt_init)
    nrf_ble_gatt_on_ble_evt                  0x0002aa4d   Thumb Code   270  nrf_ble_gatt.o(i.nrf_ble_gatt_on_ble_evt)
    nrf_ble_qwr_conn_handle_assign           0x0002ab9d   Thumb Code    22  nrf_ble_qwr.o(i.nrf_ble_qwr_conn_handle_assign)
    nrf_ble_qwr_init                         0x0002abb3   Thumb Code    36  nrf_ble_qwr.o(i.nrf_ble_qwr_init)
    nrf_ble_qwr_on_ble_evt                   0x0002abd7   Thumb Code   182  nrf_ble_qwr.o(i.nrf_ble_qwr_on_ble_evt)
    nrf_drv_clock_init                       0x0002accd   Thumb Code    56  nrf_drv_clock.o(i.nrf_drv_clock_init)
    nrf_drv_clock_lfclk_release              0x0002ad0d   Thumb Code    48  nrf_drv_clock.o(i.nrf_drv_clock_lfclk_release)
    nrf_drv_spi_init                         0x0002ad41   Thumb Code    98  nrf_drv_spi.o(i.nrf_drv_spi_init)
    nrf_drv_twi_init                         0x0002adb1   Thumb Code    56  nrf_drv_twi.o(i.nrf_drv_twi_init)
    nrf_drv_uart_init                        0x0002ae01   Thumb Code    90  nrf_drv_uart.o(i.nrf_drv_uart_init)
    nrf_fprintf                              0x0002aea9   Thumb Code    26  nrf_fprintf.o(i.nrf_fprintf)
    nrf_fprintf_buffer_flush                 0x0002aec3   Thumb Code    24  nrf_fprintf.o(i.nrf_fprintf_buffer_flush)
    nrf_fprintf_fmt                          0x0002aedb   Thumb Code   474  nrf_fprintf_format.o(i.nrf_fprintf_fmt)
    nrf_log_backend_add                      0x0002b2b9   Thumb Code    86  nrf_log_frontend.o(i.nrf_log_backend_add)
    nrf_log_backend_rtt_init                 0x0002b317   Thumb Code     4  nrf_log_backend_rtt.o(i.nrf_log_backend_rtt_init)
    nrf_log_backend_serial_put               0x0002b335   Thumb Code   200  nrf_log_backend_serial.o(i.nrf_log_backend_serial_put)
    nrf_log_color_id_get                     0x0002b3fd   Thumb Code    42  nrf_log_frontend.o(i.nrf_log_color_id_get)
    nrf_log_default_backends_init            0x0002b42d   Thumb Code    24  nrf_log_default_backends.o(i.nrf_log_default_backends_init)
    nrf_log_frontend_dequeue                 0x0002b449   Thumb Code   528  nrf_log_frontend.o(i.nrf_log_frontend_dequeue)
    nrf_log_frontend_hexdump                 0x0002b681   Thumb Code   160  nrf_log_frontend.o(i.nrf_log_frontend_hexdump)
    nrf_log_frontend_std_0                   0x0002b729   Thumb Code     8  nrf_log_frontend.o(i.nrf_log_frontend_std_0)
    nrf_log_frontend_std_1                   0x0002b731   Thumb Code    14  nrf_log_frontend.o(i.nrf_log_frontend_std_1)
    nrf_log_frontend_std_2                   0x0002b73f   Thumb Code    16  nrf_log_frontend.o(i.nrf_log_frontend_std_2)
    nrf_log_frontend_std_3                   0x0002b74f   Thumb Code    18  nrf_log_frontend.o(i.nrf_log_frontend_std_3)
    nrf_log_frontend_std_6                   0x0002b761   Thumb Code    28  nrf_log_frontend.o(i.nrf_log_frontend_std_6)
    nrf_log_hexdump_entry_process            0x0002b77d   Thumb Code   150  nrf_log_str_formatter.o(i.nrf_log_hexdump_entry_process)
    nrf_log_init                             0x0002b82d   Thumb Code    28  nrf_log_frontend.o(i.nrf_log_init)
    nrf_log_module_cnt_get                   0x0002b855   Thumb Code    10  nrf_log_frontend.o(i.nrf_log_module_cnt_get)
    nrf_log_module_name_get                  0x0002b869   Thumb Code    24  nrf_log_frontend.o(i.nrf_log_module_name_get)
    nrf_log_panic                            0x0002b885   Thumb Code    36  nrf_log_frontend.o(i.nrf_log_panic)
    nrf_log_std_entry_process                0x0002b8ad   Thumb Code   182  nrf_log_str_formatter.o(i.nrf_log_std_entry_process)
    nrf_memobj_alloc                         0x0002b963   Thumb Code    96  nrf_memobj.o(i.nrf_memobj_alloc)
    nrf_memobj_free                          0x0002b9c3   Thumb Code    50  nrf_memobj.o(i.nrf_memobj_free)
    nrf_memobj_get                           0x0002b9f5   Thumb Code     8  nrf_memobj.o(i.nrf_memobj_get)
    nrf_memobj_pool_init                     0x0002b9fd   Thumb Code     4  nrf_memobj.o(i.nrf_memobj_pool_init)
    nrf_memobj_put                           0x0002ba01   Thumb Code    30  nrf_memobj.o(i.nrf_memobj_put)
    nrf_memobj_read                          0x0002ba1f   Thumb Code    16  nrf_memobj.o(i.nrf_memobj_read)
    nrf_memobj_write                         0x0002ba2f   Thumb Code    16  nrf_memobj.o(i.nrf_memobj_write)
    nrf_pwr_mgmt_init                        0x0002ba41   Thumb Code    28  nrf_pwr_mgmt.o(i.nrf_pwr_mgmt_init)
    nrf_pwr_mgmt_run                         0x0002ba69   Thumb Code    64  nrf_pwr_mgmt.o(i.nrf_pwr_mgmt_run)
    nrf_ringbuf_init                         0x0002bab1   Thumb Code    28  nrf_ringbuf.o(i.nrf_ringbuf_init)
    nrf_sdh_ble_app_ram_start_get            0x0002bad9   Thumb Code    16  nrf_sdh_ble.o(i.nrf_sdh_ble_app_ram_start_get)
    nrf_sdh_ble_default_cfg_set              0x0002baed   Thumb Code   272  nrf_sdh_ble.o(i.nrf_sdh_ble_default_cfg_set)
    nrf_sdh_ble_enable                       0x0002bc1d   Thumb Code   116  nrf_sdh_ble.o(i.nrf_sdh_ble_enable)
    nrf_sdh_enable_request                   0x0002bdad   Thumb Code   102  nrf_sdh.o(i.nrf_sdh_enable_request)
    nrf_sdh_evts_poll                        0x0002be21   Thumb Code    32  nrf_sdh.o(i.nrf_sdh_evts_poll)
    nrf_sdh_is_enabled                       0x0002be45   Thumb Code     6  nrf_sdh.o(i.nrf_sdh_is_enabled)
    nrf_section_iter_init                    0x0002be8d   Thumb Code    10  nrf_section_iter.o(i.nrf_section_iter_init)
    nrf_section_iter_next                    0x0002bebb   Thumb Code    32  nrf_section_iter.o(i.nrf_section_iter_next)
    nrf_sortlist_add                         0x0002bedb   Thumb Code    34  nrf_sortlist.o(i.nrf_sortlist_add)
    nrf_sortlist_peek                        0x0002befd   Thumb Code     6  nrf_sortlist.o(i.nrf_sortlist_peek)
    nrf_sortlist_pop                         0x0002bf03   Thumb Code    14  nrf_sortlist.o(i.nrf_sortlist_pop)
    nrf_sortlist_remove                      0x0002bf11   Thumb Code    30  nrf_sortlist.o(i.nrf_sortlist_remove)
    nrf_strerror_find                        0x0002bf39   Thumb Code    52  nrf_strerror.o(i.nrf_strerror_find)
    nrf_strerror_get                         0x0002bf71   Thumb Code    14  nrf_strerror.o(i.nrf_strerror_get)
    nrfx_clock_enable                        0x0002bfe5   Thumb Code    34  nrfx_clock.o(i.nrfx_clock_enable)
    nrfx_clock_init                          0x0002c011   Thumb Code    26  nrfx_clock.o(i.nrfx_clock_init)
    nrfx_clock_lfclk_stop                    0x0002c031   Thumb Code    38  nrfx_clock.o(i.nrfx_clock_lfclk_stop)
    nrfx_gpiote_in_event_enable              0x0002c081   Thumb Code   152  nrfx_gpiote.o(i.nrfx_gpiote_in_event_enable)
    nrfx_gpiote_in_init                      0x0002c121   Thumb Code   190  nrfx_gpiote.o(i.nrfx_gpiote_in_init)
    nrfx_gpiote_init                         0x0002c1ed   Thumb Code   102  nrfx_gpiote.o(i.nrfx_gpiote_init)
    nrfx_gpiote_out_clear                    0x0002c261   Thumb Code    14  nrfx_gpiote.o(i.nrfx_gpiote_out_clear)
    nrfx_gpiote_out_init                     0x0002c271   Thumb Code   176  nrfx_gpiote.o(i.nrfx_gpiote_out_init)
    nrfx_gpiote_out_set                      0x0002c32d   Thumb Code    14  nrfx_gpiote.o(i.nrfx_gpiote_out_set)
    nrfx_prs_acquire                         0x0002c36b   Thumb Code    58  nrfx_prs.o(i.nrfx_prs_acquire)
    nrfx_spim_init                           0x0002c3a5   Thumb Code   356  nrfx_spim.o(i.nrfx_spim_init)
    nrfx_spim_xfer                           0x0002c511   Thumb Code    94  nrfx_spim.o(i.nrfx_spim_xfer)
    nrfx_twim_enable                         0x0002c575   Thumb Code    32  nrfx_twim.o(i.nrfx_twim_enable)
    nrfx_twim_init                           0x0002c599   Thumb Code   218  nrfx_twim.o(i.nrfx_twim_init)
    nrfx_twim_rx                             0x0002c67d   Thumb Code    44  nrfx_twim.o(i.nrfx_twim_rx)
    nrfx_twim_tx                             0x0002c6ad   Thumb Code    54  nrfx_twim.o(i.nrfx_twim_tx)
    nrfx_twim_xfer                           0x0002c6e5   Thumb Code    34  nrfx_twim.o(i.nrfx_twim_xfer)
    nrfx_uart_0_irq_handler                  0x0002c70d   Thumb Code     8  nrfx_uart.o(i.nrfx_uart_0_irq_handler)
    nrfx_uart_init                           0x0002c71d   Thumb Code   200  nrfx_uart.o(i.nrfx_uart_init)
    nrfx_uart_rx                             0x0002c7f1   Thumb Code   230  nrfx_uart.o(i.nrfx_uart_rx)
    nrfx_uart_tx                             0x0002c8dd   Thumb Code   162  nrfx_uart.o(i.nrfx_uart_tx)
    nrfx_uart_tx_in_progress                 0x0002c985   Thumb Code    26  nrfx_uart.o(i.nrfx_uart_tx_in_progress)
    nrfx_uarte_0_irq_handler                 0x0002c9a5   Thumb Code     8  nrfx_uarte.o(i.nrfx_uarte_0_irq_handler)
    nrfx_uarte_init                          0x0002c9b5   Thumb Code   100  nrfx_uarte.o(i.nrfx_uarte_init)
    nrfx_uarte_rx                            0x0002ca21   Thumb Code   256  nrfx_uarte.o(i.nrfx_uarte_rx)
    nrfx_uarte_tx                            0x0002cb25   Thumb Code   166  nrfx_uarte.o(i.nrfx_uarte_tx)
    nrfx_uarte_tx_in_progress                0x0002cbd1   Thumb Code    22  nrfx_uarte.o(i.nrfx_uarte_tx_in_progress)
    pixel                                    0x0002cfa5   Thumb Code    76  st7567.o(i.pixel)
    readRtcData                              0x0002d1a9   Thumb Code   144  ds3231.o(i.readRtcData)
    sendCmd                                  0x0002d4a9   Thumb Code    20  st7567.o(i.sendCmd)
    sendData                                 0x0002d4c1   Thumb Code    22  st7567.o(i.sendData)
    spi_event_handler                        0x0002d735   Thumb Code    66  st7567.o(i.spi_event_handler)
    timer_handler                            0x0002d971   Thumb Code    46  keypad.o(i.timer_handler)
    twi_handler                              0x0002db01   Thumb Code    14  ds3231.o(i.twi_handler)
    twi_init                                 0x0002db15   Thumb Code    52  ds3231.o(i.twi_init)
    uart_event_handle                        0x0002e015   Thumb Code   300  main.o(i.uart_event_handle)
    width                                    0x0002e71d   Thumb Code    18  st7567.o(i.width)
    nrf_log_backend_rtt_api                  0x0002f1e8   Data          12  nrf_log_backend_rtt.o(.constdata)
    m_ram_start                              0x0002f28c   Data           4  nrf_sdh_ble.o(.constdata)
    __ctype_table                            0x0002f2b8   Data         129  ctype_o.o(.constdata)
    Region$$Table$$Base                      0x0002fac0   Number         0  anon$$obj.o(Region$$Table)
    Region$$Table$$Limit                     0x0002fae0   Number         0  anon$$obj.o(Region$$Table)
    log_const_data$$Base                     0x0002faf0   Number         0  nrf_ble_gatt.o(log_const_data)
    m_nrf_log_nrf_ble_gatt_logs_data_const   0x0002faf0   Data           8  nrf_ble_gatt.o(log_const_data)
    m_nrf_log_ble_nus_logs_data_const        0x0002faf8   Data           8  ble_nus.o(log_const_data)
    m_nrf_log_clock_logs_data_const          0x0002fb00   Data           8  nrf_drv_clock.o(log_const_data)
    m_nrf_log_CLOCK_logs_data_const          0x0002fb08   Data           8  nrfx_clock.o(log_const_data)
    m_nrf_log_GPIOTE_logs_data_const         0x0002fb10   Data           8  nrfx_gpiote.o(log_const_data)
    m_nrf_log_PRS_logs_data_const            0x0002fb18   Data           8  nrfx_prs.o(log_const_data)
    m_nrf_log_UART_logs_data_const           0x0002fb20   Data           8  nrfx_uart.o(log_const_data)
    m_nrf_log_UARTE_logs_data_const          0x0002fb28   Data           8  nrfx_uarte.o(log_const_data)
    m_nrf_log_SPIM_logs_data_const           0x0002fb30   Data           8  nrfx_spim.o(log_const_data)
    m_nrf_log_TWIM_logs_data_const           0x0002fb38   Data           8  nrfx_twim.o(log_const_data)
    m_nrf_log_app_button_logs_data_const     0x0002fb40   Data           8  app_button.o(log_const_data)
    m_nrf_log_app_timer_logs_data_const      0x0002fb48   Data           8  app_timer2.o(log_const_data)
    m_nrf_log_pwr_mgmt_logs_data_const       0x0002fb50   Data           8  nrf_pwr_mgmt.o(log_const_data)
    m_nrf_log_sortlist_logs_data_const       0x0002fb58   Data           8  nrf_sortlist.o(log_const_data)
    m_nrf_log_app_logs_data_const            0x0002fb60   Data           8  nrf_log_frontend.o(log_const_data)
    m_nrf_log_nrf_sdh_logs_data_const        0x0002fb68   Data           8  nrf_sdh.o(log_const_data)
    m_nrf_log_nrf_sdh_ble_logs_data_const    0x0002fb70   Data           8  nrf_sdh_ble.o(log_const_data)
    m_nrf_log_nrf_sdh_soc_logs_data_const    0x0002fb78   Data           8  nrf_sdh_soc.o(log_const_data)
    log_const_data$$Limit                    0x0002fb80   Number         0  nrf_sdh_soc.o(log_const_data)
    log_mempool                              0x0002fb80   Data          20  nrf_log_frontend.o(nrf_balloc)
    sdh_ble_observers0$$Base                 0x0002fb94   Number         0  ble_conn_state.o(sdh_ble_observers0)
    sdh_ble_observers0$$Limit                0x0002fb9c   Number         0  ble_conn_state.o(sdh_ble_observers0)
    sdh_ble_observers1$$Base                 0x0002fb9c   Number         0  main.o(sdh_ble_observers1)
    sdh_ble_observers1$$Limit                0x0002fbbc   Number         0  ble_conn_params.o(sdh_ble_observers1)
    sdh_ble_observers2$$Base                 0x0002fbbc   Number         0  main.o(sdh_ble_observers2)
    sdh_ble_observers2$$Limit                0x0002fbcc   Number         0  main.o(sdh_ble_observers2)
    sdh_ble_observers3$$Base                 0x0002fbcc   Number         0  main.o(sdh_ble_observers3)
    sdh_ble_observers3$$Limit                0x0002fbd4   Number         0  main.o(sdh_ble_observers3)
    sdh_soc_observers0$$Base                 0x0002fbd4   Number         0  nrf_drv_clock.o(sdh_soc_observers0)
    sdh_soc_observers0$$Limit                0x0002fbdc   Number         0  nrf_drv_clock.o(sdh_soc_observers0)
    sdh_stack_observers0$$Base               0x0002fbdc   Number         0  nrf_sdh_ble.o(sdh_stack_observers0)
    sdh_stack_observers0$$Limit              0x0002fbec   Number         0  nrf_sdh_soc.o(sdh_stack_observers0)
    sdh_state_observers0$$Base               0x0002fbec   Number         0  nrf_drv_clock.o(sdh_state_observers0)
    sdh_state_observers0$$Limit              0x0002fbf4   Number         0  nrf_drv_clock.o(sdh_state_observers0)
    Image$$RW_IRAM1$$Base                    0x20002ad8   Number         0  anon$$obj.o ABSOLUTE
    bleStatus                                0x20002ae0   Data           1  main.o(.data)
    showTime                                 0x20002ae7   Data           1  main.o(.data)
    keyVal                                   0x20002ae8   Data           1  main.o(.data)
    nrf_drv_uart_use_easy_dma                0x20002b9c   Data           1  nrf_drv_uart.o(.data)
    SystemCoreClock                          0x20002c90   Data           4  system_nrf52.o(.data)
    nrf_nvic_state                           0x20003c24   Data          12  app_util_platform.o(.bss)
    _SEGGER_RTT                              0x200041f4   Data         120  segger_rtt.o(.bss)
    __initial_sp                             0x20006480   Data           0  arm_startup_nrf52.o(STACK)



==============================================================================

Memory Map of the image

  Image Entry point : 0x00026201

  Load Region LR_IROM1 (Base: 0x00026000, Size: 0x00009db0, Max: 0x0005a000, ABSOLUTE, COMPRESSED[0x00009c78])

    Execution Region ER_IROM1 (Base: 0x00026000, Size: 0x00009bf4, Max: 0x0005a000, ABSOLUTE)

    Base Addr    Size         Type   Attr      Idx    E Section Name        Object

    0x00026000   0x00000200   Data   RO         5975    RESET               arm_startup_nrf52.o
    0x00026200   0x00000000   Code   RO         6031  * .ARM.Collect$$$$00000000  mc_w.l(entry.o)
    0x00026200   0x00000004   Code   RO         6341    .ARM.Collect$$$$00000001  mc_w.l(entry2.o)
    0x00026204   0x00000004   Code   RO         6344    .ARM.Collect$$$$00000004  mc_w.l(entry5.o)
    0x00026208   0x00000000   Code   RO         6346    .ARM.Collect$$$$00000008  mc_w.l(entry7b.o)
    0x00026208   0x00000000   Code   RO         6348    .ARM.Collect$$$$0000000A  mc_w.l(entry8b.o)
    0x00026208   0x00000008   Code   RO         6349    .ARM.Collect$$$$0000000B  mc_w.l(entry9a.o)
    0x00026210   0x00000000   Code   RO         6351    .ARM.Collect$$$$0000000D  mc_w.l(entry10a.o)
    0x00026210   0x00000000   Code   RO         6353    .ARM.Collect$$$$0000000F  mc_w.l(entry11a.o)
    0x00026210   0x00000004   Code   RO         6342    .ARM.Collect$$$$00002712  mc_w.l(entry2.o)
    0x00026214   0x000000c8   Code   RO         4369    .emb_text           nrf_atfifo.o
    0x000262dc   0x000000e2   Code   RO         4505    .emb_text           nrf_atomic.o
    0x000263be   0x00000002   PAD
    0x000263c0   0x00000024   Code   RO         5976    .text               arm_startup_nrf52.o
    0x000263e4   0x00000062   Code   RO         6034    .text               mc_w.l(uldiv.o)
    0x00026446   0x0000001e   Code   RO         6036    .text               mc_w.l(llshl.o)
    0x00026464   0x00000008   Code   RO         6038    .text               mc_w.l(ctype_o.o)
    0x0002646c   0x00000024   Code   RO         6066    .text               mc_w.l(memcpya.o)
    0x00026490   0x00000024   Code   RO         6068    .text               mc_w.l(memseta.o)
    0x000264b4   0x0000000e   Code   RO         6070    .text               mc_w.l(strlen.o)
    0x000264c2   0x00000012   Code   RO         6074    .text               mc_w.l(strcpy.o)
    0x000264d4   0x00000026   Code   RO         6339    .text               mf_w.l(f2d.o)
    0x000264fa   0x0000002c   Code   RO         6355    .text               mc_w.l(uidiv.o)
    0x00026526   0x00000020   Code   RO         6357    .text               mc_w.l(llushr.o)
    0x00026546   0x00000000   Code   RO         6359    .text               mc_w.l(iusefp.o)
    0x00026546   0x0000014e   Code   RO         6360    .text               mf_w.l(dadd.o)
    0x00026694   0x000000e4   Code   RO         6362    .text               mf_w.l(dmul.o)
    0x00026778   0x000000de   Code   RO         6364    .text               mf_w.l(ddiv.o)
    0x00026856   0x00000030   Code   RO         6366    .text               mf_w.l(dfixul.o)
    0x00026886   0x00000002   PAD
    0x00026888   0x00000030   Code   RO         6368    .text               mf_w.l(cdrcmple.o)
    0x000268b8   0x00000024   Code   RO         6370    .text               mc_w.l(init.o)
    0x000268dc   0x00000024   Code   RO         6372    .text               mc_w.l(llsshr.o)
    0x00026900   0x000000ba   Code   RO         6374    .text               mf_w.l(depilogue.o)
    0x000269ba   0x00000056   Code   RO         6384    .text               mc_w.l(__dczerorl2.o)
    0x00026a10   0x00000012   Code   RO          701    i.BCDToByte         ds3231.o
    0x00026a22   0x00000002   PAD
    0x00026a24   0x000000a4   Code   RO         2413    i.GPIOTE_IRQHandler  nrfx_gpiote.o
    0x00026ac8   0x00000058   Code   RO         2274    i.POWER_CLOCK_IRQHandler  nrfx_clock.o
    0x00026b20   0x00000010   Code   RO         4158    i.RTC1_IRQHandler   drv_rtc.o
    0x00026b30   0x00000070   Code   RO            4    i.RTCReadHandler    main.o
    0x00026ba0   0x0000005c   Code   RO          702    i.RTC_begin         ds3231.o
    0x00026bfc   0x00000004   Code   RO         5515    i.SEGGER_RTT_Init   segger_rtt.o
    0x00026c00   0x0000005c   Code   RO         5529    i.SEGGER_RTT_WriteNoLock  segger_rtt.o
    0x00026c5c   0x00000054   Code   RO         3173    i.SPIM0_SPIS0_TWIM0_TWIS0_SPI0_TWI0_IRQHandler  nrfx_spim.o
    0x00026cb0   0x00000010   Code   RO         3416    i.SPIM1_SPIS1_TWIM1_TWIS1_SPI1_TWI1_IRQHandler  nrfx_twim.o
    0x00026cc0   0x00000004   Code   RO         5766    i.SWI2_EGU2_IRQHandler  nrf_sdh.o
    0x00026cc4   0x00000398   Code   RO         5984    i.SystemInit        system_nrf52.o
    0x0002705c   0x0000000c   Code   RO         2718    i.UARTE0_UART0_IRQHandler  nrfx_prs.o
    0x00027068   0x00000068   Code   RO         5533    i._DoInit           segger_rtt.o
    0x000270d0   0x00000016   Code   RO         5534    i._GetAvailWriteSpace  segger_rtt.o
    0x000270e6   0x0000001a   Code   RO         3417    i._NRFX_IRQ_PENDING_CLEAR  nrfx_twim.o
    0x00027100   0x0000005a   Code   RO         5536    i._WriteBlocking    segger_rtt.o
    0x0002715a   0x00000042   Code   RO         5537    i._WriteNoCheck     segger_rtt.o
    0x0002719c   0x00000028   Code   RO         6313    i.__0sprintf        mc_w.l(printfa.o)
    0x000271c4   0x0000000e   Code   RO         6378    i.__scatterload_copy  mc_w.l(handlers.o)
    0x000271d2   0x00000002   Code   RO         6379    i.__scatterload_null  mc_w.l(handlers.o)
    0x000271d4   0x0000000e   Code   RO         6380    i.__scatterload_zeroinit  mc_w.l(handlers.o)
    0x000271e2   0x00000002   PAD
    0x000271e4   0x00000024   Code   RO         5767    i.__sd_nvic_app_accessible_irq  nrf_sdh.o
    0x00027208   0x00000184   Code   RO         6318    i._fp_digits        mc_w.l(printfa.o)
    0x0002738c   0x000006dc   Code   RO         6319    i._printf_core      mc_w.l(printfa.o)
    0x00027a68   0x00000024   Code   RO         6320    i._printf_post_padding  mc_w.l(printfa.o)
    0x00027a8c   0x0000002e   Code   RO         6321    i._printf_pre_padding  mc_w.l(printfa.o)
    0x00027aba   0x00000002   PAD
    0x00027abc   0x00000044   Code   RO          489    i._putc             st7567.o
    0x00027b00   0x0000000a   Code   RO         6323    i._sputc            mc_w.l(printfa.o)
    0x00027b0a   0x00000010   Code   RO         1303    i.adv_set_data_size_max_get  ble_advertising.o
    0x00027b1a   0x00000036   Code   RO         1093    i.advertising_buttons_configure  bsp_btn_ble.o
    0x00027b50   0x00000084   Code   RO         3719    i.app_error_fault_handler  app_error_weak.o
    0x00027bd4   0x00000016   Code   RO         3663    i.app_error_handler_bare  app_error.o
    0x00027bea   0x00000016   Code   RO         3754    i.app_fifo_get      app_fifo.o
    0x00027c00   0x00000020   Code   RO         3755    i.app_fifo_init     app_fifo.o
    0x00027c20   0x0000001a   Code   RO         3757    i.app_fifo_put      app_fifo.o
    0x00027c3a   0x00000002   PAD
    0x00027c3c   0x000000a0   Code   RO         3826    i.app_sched_event_put  app_scheduler.o
    0x00027cdc   0x00000040   Code   RO         3827    i.app_sched_execute  app_scheduler.o
    0x00027d1c   0x0000002c   Code   RO         3828    i.app_sched_init    app_scheduler.o
    0x00027d48   0x0000000c   Code   RO         3875    i.app_timer_cnt_get  app_timer2.o
    0x00027d54   0x00000016   Code   RO         3876    i.app_timer_create  app_timer2.o
    0x00027d6a   0x00000002   PAD
    0x00027d6c   0x0000005c   Code   RO         3877    i.app_timer_init    app_timer2.o
    0x00027dc8   0x00000030   Code   RO         3880    i.app_timer_start   app_timer2.o
    0x00027df8   0x0000000c   Code   RO         3881    i.app_timer_stop    app_timer2.o
    0x00027e04   0x00000034   Code   RO         4015    i.app_uart_get      app_uart_fifo.o
    0x00027e38   0x000000a4   Code   RO         4016    i.app_uart_init     app_uart_fifo.o
    0x00027edc   0x00000054   Code   RO         4017    i.app_uart_put      app_uart_fifo.o
    0x00027f30   0x00000048   Code   RO         4090    i.app_util_critical_region_enter  app_util_platform.o
    0x00027f78   0x00000034   Code   RO         4091    i.app_util_critical_region_exit  app_util_platform.o
    0x00027fac   0x00000088   Code   RO         2772    i.apply_config      nrfx_uart.o
    0x00028034   0x00000088   Code   RO         2960    i.apply_config      nrfx_uarte.o
    0x000280bc   0x00000048   Code   RO         1645    i.blcm_link_ctx_get  ble_link_ctx_manager.o
    0x00028104   0x00000182   Code   RO         1197    i.ble_advdata_encode  ble_advdata.o
    0x00028286   0x00000020   Code   RO         1199    i.ble_advdata_parse  ble_advdata.o
    0x000282a6   0x00000046   Code   RO         1200    i.ble_advdata_search  ble_advdata.o
    0x000282ec   0x00000006   Code   RO         1305    i.ble_advertising_conn_cfg_tag_set  ble_advertising.o
    0x000282f2   0x000000f8   Code   RO         1306    i.ble_advertising_init  ble_advertising.o
    0x000283ea   0x0000006a   Code   RO         1308    i.ble_advertising_on_ble_evt  ble_advertising.o
    0x00028454   0x00000230   Code   RO         1311    i.ble_advertising_start  ble_advertising.o
    0x00028684   0x00000068   Code   RO         1402    i.ble_conn_params_init  ble_conn_params.o
    0x000286ec   0x00000012   Code   RO         1477    i.ble_conn_state_conn_idx  ble_conn_state.o
    0x000286fe   0x00000002   PAD
    0x00028700   0x00000014   Code   RO         1491    i.ble_conn_state_valid  ble_conn_state.o
    0x00028714   0x00000060   Code   RO         1203    i.ble_device_addr_encode  ble_advdata.o
    0x00028774   0x000000e0   Code   RO            6    i.ble_evt_handler   main.o
    0x00028854   0x00000070   Code   RO         1094    i.ble_evt_handler   bsp_btn_ble.o
    0x000288c4   0x000000fc   Code   RO         1404    i.ble_evt_handler   ble_conn_params.o
    0x000289c0   0x00000118   Code   RO         1492    i.ble_evt_handler   ble_conn_state.o
    0x00028ad8   0x00000066   Code   RO         1871    i.ble_nus_data_send  ble_nus.o
    0x00028b3e   0x00000002   PAD
    0x00028b40   0x000000d4   Code   RO         1872    i.ble_nus_init      ble_nus.o
    0x00028c14   0x00000076   Code   RO         1873    i.ble_nus_on_ble_evt  ble_nus.o
    0x00028c8a   0x00000008   Code   RO         1671    i.ble_srv_is_notification_enabled  ble_srv_common.o
    0x00028c92   0x00000002   PAD
    0x00028c94   0x0000000c   Code   RO          873    i.bsp_board_button_idx_to_pin  boards.o
    0x00028ca0   0x00000024   Code   RO          877    i.bsp_board_led_invert  boards.o
    0x00028cc4   0x00000010   Code   RO          878    i.bsp_board_led_off  boards.o
    0x00028cd4   0x00000010   Code   RO          879    i.bsp_board_led_on  boards.o
    0x00028ce4   0x00000020   Code   RO          880    i.bsp_board_led_state_get  boards.o
    0x00028d04   0x00000012   Code   RO          881    i.bsp_board_leds_off  boards.o
    0x00028d16   0x00000012   Code   RO          882    i.bsp_board_leds_on  boards.o
    0x00028d28   0x00000024   Code   RO          883    i.bsp_board_pin_to_button_idx  boards.o
    0x00028d4c   0x0000001e   Code   RO         1096    i.bsp_btn_ble_sleep_mode_prepare  bsp_btn_ble.o
    0x00028d6a   0x00000002   PAD
    0x00028d6c   0x00000090   Code   RO          977    i.bsp_button_event_handler  bsp.o
    0x00028dfc   0x00000044   Code   RO          981    i.bsp_event_to_button_action_assign  bsp.o
    0x00028e40   0x00000018   Code   RO          982    i.bsp_indication_set  bsp.o
    0x00028e58   0x000001c8   Code   RO          984    i.bsp_led_indication  bsp.o
    0x00029020   0x00000006   Code   RO          986    i.bsp_wakeup_button_enable  bsp.o
    0x00029026   0x00000002   PAD
    0x00029028   0x00000094   Code   RO         5269    i.buf_prealloc      nrf_log_frontend.o
    0x000290bc   0x0000002e   Code   RO         4717    i.buffer_add        nrf_fprintf_format.o
    0x000290ea   0x00000002   PAD
    0x000290ec   0x00000018   Code   RO         5270    i.buffer_is_empty   nrf_log_frontend.o
    0x00029104   0x00000078   Code   RO          803    i.button_handler    keypad.o
    0x0002917c   0x0000007c   Code   RO          804    i.button_press_behavior  keypad.o
    0x000291f8   0x00000006   Code   RO          805    i.button_scheduler_event_handler  keypad.o
    0x000291fe   0x00000016   Code   RO          703    i.byteToBCD         ds3231.o
    0x00029214   0x0000001c   Code   RO         2414    i.channel_free      nrfx_gpiote.o
    0x00029230   0x00000048   Code   RO         2415    i.channel_port_alloc  nrfx_gpiote.o
    0x00029278   0x00000010   Code   RO         2416    i.channel_port_get  nrfx_gpiote.o
    0x00029288   0x000000a8   Code   RO          490    i.character         st7567.o
    0x00029330   0x00000190   Code   RO         1673    i.characteristic_add  ble_srv_common.o
    0x000294c0   0x00000028   Code   RO         1929    i.clock_clk_started_notify  nrf_drv_clock.o
    0x000294e8   0x0000001c   Code   RO         1930    i.clock_irq_handler  nrf_drv_clock.o
    0x00029504   0x00000018   Code   RO         3883    i.compare_func      app_timer2.o
    0x0002951c   0x0000003e   Code   RO         1493    i.conn_handle_list_get  ble_conn_state.o
    0x0002955a   0x00000088   Code   RO         1204    i.conn_int_encode   ble_advdata.o
    0x000295e2   0x00000004   Code   RO            8    i.conn_params_error_handler  main.o
    0x000295e6   0x00000002   PAD
    0x000295e8   0x00000048   Code   RO         1405    i.conn_params_negotiation  ble_conn_params.o
    0x00029630   0x00000054   Code   RO          493    i.copy_to_lcd       st7567.o
    0x00029684   0x000000c0   Code   RO         1728    i.data_length_update  nrf_ble_gatt.o
    0x00029744   0x00000058   Code   RO          806    i.debounce_timer_handler  keypad.o
    0x0002979c   0x000001cc   Code   RO          494    i.displayMainInterface  st7567.o
    0x00029968   0x00000028   Code   RO            9    i.display_upd_timer_handler  main.o
    0x00029990   0x00000014   Code   RO         5271    i.dropped_sat16_get  nrf_log_frontend.o
    0x000299a4   0x00000014   Code   RO         4159    i.drv_rtc_compare_disable  drv_rtc.o
    0x000299b8   0x0000000e   Code   RO         4162    i.drv_rtc_compare_pending  drv_rtc.o
    0x000299c6   0x00000050   Code   RO         4163    i.drv_rtc_compare_set  drv_rtc.o
    0x00029a16   0x00000008   Code   RO         4164    i.drv_rtc_counter_get  drv_rtc.o
    0x00029a1e   0x00000002   PAD
    0x00029a20   0x000000d8   Code   RO         4165    i.drv_rtc_init      drv_rtc.o
    0x00029af8   0x0000001e   Code   RO         4166    i.drv_rtc_irq_trigger  drv_rtc.o
    0x00029b16   0x00000008   Code   RO         4168    i.drv_rtc_overflow_enable  drv_rtc.o
    0x00029b1e   0x00000008   Code   RO         4169    i.drv_rtc_overflow_pending  drv_rtc.o
    0x00029b26   0x00000008   Code   RO         4170    i.drv_rtc_start     drv_rtc.o
    0x00029b2e   0x00000008   Code   RO         4171    i.drv_rtc_stop      drv_rtc.o
    0x00029b36   0x000000de   Code   RO         4176    i.drv_rtc_windowed_compare_set  drv_rtc.o
    0x00029c14   0x00000012   Code   RO         4177    i.evt_enable        drv_rtc.o
    0x00029c26   0x00000014   Code   RO         4178    i.evt_pending       drv_rtc.o
    0x00029c3a   0x00000014   Code   RO         3760    i.fifo_get          app_fifo.o
    0x00029c4e   0x00000012   Code   RO         3761    i.fifo_put          app_fifo.o
    0x00029c60   0x0000000a   Code   RO         1494    i.flag_toggle       ble_conn_state.o
    0x00029c6a   0x00000028   Code   RO         1313    i.flags_set         ble_advertising.o
    0x00029c92   0x00000002   PAD
    0x00029c94   0x0000005c   Code   RO           10    i.gatt_evt_handler  main.o
    0x00029cf0   0x00000030   Code   RO           11    i.gatt_init         main.o
    0x00029d20   0x00000034   Code   RO         3884    i.get_now           app_timer2.o
    0x00029d54   0x00000084   Code   RO          807    i.gpio_init         keypad.o
    0x00029dd8   0x00000014   Code   RO          808    i.gpiote_event_handler  keypad.o
    0x00029dec   0x00000018   Code   RO          497    i.height            st7567.o
    0x00029e04   0x00000014   Code   RO         1406    i.instance_get      ble_conn_params.o
    0x00029e18   0x000000a6   Code   RO         4718    i.int_print         nrf_fprintf_format.o
    0x00029ebe   0x00000002   PAD
    0x00029ec0   0x00000088   Code   RO         2961    i.interrupts_enable  nrfx_uarte.o
    0x00029f48   0x00000034   Code   RO         5272    i.invalid_packets_omit  nrf_log_frontend.o
    0x00029f7c   0x00000044   Code   RO         1407    i.is_conn_params_ok  ble_conn_params.o
    0x00029fc0   0x0000008c   Code   RO          809    i.keypadBegin       keypad.o
    0x0002a04c   0x0000012c   Code   RO          498    i.lcd_begin         st7567.o
    0x0002a178   0x00000030   Code   RO          988    i.leds_off          bsp.o
    0x0002a1a8   0x000000ac   Code   RO          499    i.line              st7567.o
    0x0002a254   0x00000018   Code   RO         1729    i.link_init         nrf_ble_gatt.o
    0x0002a26c   0x0000000c   Code   RO          500    i.locate            st7567.o
    0x0002a278   0x000000a4   Code   RO         5273    i.log_skip          nrf_log_frontend.o
    0x0002a31c   0x00000378   Code   RO           12    i.main              main.o
    0x0002a694   0x00000064   Code   RO         1205    i.manuf_specific_data_encode  ble_advdata.o
    0x0002a6f8   0x0000007e   Code   RO         4757    i.memobj_op         nrf_memobj.o
    0x0002a776   0x00000002   PAD
    0x0002a778   0x00000030   Code   RO         5274    i.module_idx_get    nrf_log_frontend.o
    0x0002a7a8   0x000000a6   Code   RO         1206    i.name_encode       ble_advdata.o
    0x0002a84e   0x00000026   Code   RO         4373    i.nrf_atfifo_init   nrf_atfifo.o
    0x0002a874   0x00000016   Code   RO         4374    i.nrf_atfifo_item_alloc  nrf_atfifo.o
    0x0002a88a   0x00000016   Code   RO         4375    i.nrf_atfifo_item_free  nrf_atfifo.o
    0x0002a8a0   0x00000016   Code   RO         4376    i.nrf_atfifo_item_get  nrf_atfifo.o
    0x0002a8b6   0x00000016   Code   RO         4377    i.nrf_atfifo_item_put  nrf_atfifo.o
    0x0002a8cc   0x00000016   Code   RO         4439    i.nrf_atflags_clear  nrf_atflags.o
    0x0002a8e2   0x00000016   Code   RO         4444    i.nrf_atflags_get   nrf_atflags.o
    0x0002a8f8   0x00000014   Code   RO         4446    i.nrf_atflags_set   nrf_atflags.o
    0x0002a90c   0x00000006   Code   RO         4507    i.nrf_atomic_flag_clear_fetch  nrf_atomic.o
    0x0002a912   0x00000006   Code   RO         4508    i.nrf_atomic_flag_set  nrf_atomic.o
    0x0002a918   0x0000000c   Code   RO         4510    i.nrf_atomic_u32_add  nrf_atomic.o
    0x0002a924   0x0000000c   Code   RO         4511    i.nrf_atomic_u32_and  nrf_atomic.o
    0x0002a930   0x0000000a   Code   RO         4514    i.nrf_atomic_u32_fetch_and  nrf_atomic.o
    0x0002a93a   0x0000000a   Code   RO         4516    i.nrf_atomic_u32_fetch_store  nrf_atomic.o
    0x0002a944   0x0000000c   Code   RO         4520    i.nrf_atomic_u32_or  nrf_atomic.o
    0x0002a950   0x0000000c   Code   RO         4522    i.nrf_atomic_u32_sub  nrf_atomic.o
    0x0002a95c   0x00000044   Code   RO         4641    i.nrf_balloc_alloc  nrf_balloc.o
    0x0002a9a0   0x00000030   Code   RO         4642    i.nrf_balloc_free   nrf_balloc.o
    0x0002a9d0   0x00000030   Code   RO         4643    i.nrf_balloc_init   nrf_balloc.o
    0x0002aa00   0x00000010   Code   RO         2417    i.nrf_bitmask_bit_is_set  nrfx_gpiote.o
    0x0002aa10   0x00000018   Code   RO         1731    i.nrf_ble_gatt_att_mtu_periph_set  nrf_ble_gatt.o
    0x0002aa28   0x00000022   Code   RO         1735    i.nrf_ble_gatt_init  nrf_ble_gatt.o
    0x0002aa4a   0x00000002   PAD
    0x0002aa4c   0x00000150   Code   RO         1736    i.nrf_ble_gatt_on_ble_evt  nrf_ble_gatt.o
    0x0002ab9c   0x00000016   Code   RO         1830    i.nrf_ble_qwr_conn_handle_assign  nrf_ble_qwr.o
    0x0002abb2   0x00000024   Code   RO         1831    i.nrf_ble_qwr_init  nrf_ble_qwr.o
    0x0002abd6   0x000000b6   Code   RO         1832    i.nrf_ble_qwr_on_ble_evt  nrf_ble_qwr.o
    0x0002ac8c   0x0000000e   Code   RO         2275    i.nrf_clock_event_check  nrfx_clock.o
    0x0002ac9a   0x00000010   Code   RO         2276    i.nrf_clock_event_clear  nrfx_clock.o
    0x0002acaa   0x00000002   PAD
    0x0002acac   0x00000020   Code   RO          501    i.nrf_delay_ms      st7567.o
    0x0002accc   0x00000040   Code   RO         1937    i.nrf_drv_clock_init  nrf_drv_clock.o
    0x0002ad0c   0x00000034   Code   RO         1941    i.nrf_drv_clock_lfclk_release  nrf_drv_clock.o
    0x0002ad40   0x00000070   Code   RO         3120    i.nrf_drv_spi_init  nrf_drv_spi.o
    0x0002adb0   0x00000040   Code   RO         3290    i.nrf_drv_twi_init  nrf_drv_twi.o
    0x0002adf0   0x0000000e   Code   RO          704    i.nrf_drv_twi_tx    ds3231.o
    0x0002adfe   0x00000002   PAD
    0x0002ae00   0x00000068   Code   RO         2083    i.nrf_drv_uart_init  nrf_drv_uart.o
    0x0002ae68   0x00000020   Code   RO         4018    i.nrf_drv_uart_rx   app_uart_fifo.o
    0x0002ae88   0x00000020   Code   RO         4019    i.nrf_drv_uart_tx   app_uart_fifo.o
    0x0002aea8   0x0000001a   Code   RO         4678    i.nrf_fprintf       nrf_fprintf.o
    0x0002aec2   0x00000018   Code   RO         4679    i.nrf_fprintf_buffer_flush  nrf_fprintf.o
    0x0002aeda   0x000001da   Code   RO         4719    i.nrf_fprintf_fmt   nrf_fprintf_format.o
    0x0002b0b4   0x00000024   Code   RO         2418    i.nrf_gpio_cfg      nrfx_gpiote.o
    0x0002b0d8   0x00000024   Code   RO         2773    i.nrf_gpio_cfg      nrfx_uart.o
    0x0002b0fc   0x00000024   Code   RO         2962    i.nrf_gpio_cfg      nrfx_uarte.o
    0x0002b120   0x00000024   Code   RO         3174    i.nrf_gpio_cfg      nrfx_spim.o
    0x0002b144   0x00000024   Code   RO         3418    i.nrf_gpio_cfg      nrfx_twim.o
    0x0002b168   0x00000012   Code   RO         2775    i.nrf_gpio_cfg_input  nrfx_uart.o
    0x0002b17a   0x00000012   Code   RO         2964    i.nrf_gpio_cfg_input  nrfx_uarte.o
    0x0002b18c   0x00000010   Code   RO          502    i.nrf_gpio_cfg_output  st7567.o
    0x0002b19c   0x00000014   Code   RO         2776    i.nrf_gpio_cfg_output  nrfx_uart.o
    0x0002b1b0   0x00000014   Code   RO         2965    i.nrf_gpio_cfg_output  nrfx_uarte.o
    0x0002b1c4   0x00000014   Code   RO         3175    i.nrf_gpio_cfg_output  nrfx_spim.o
    0x0002b1d8   0x00000022   Code   RO         2420    i.nrf_gpio_cfg_sense_set  nrfx_gpiote.o
    0x0002b1fa   0x00000002   PAD
    0x0002b1fc   0x0000002c   Code   RO         2421    i.nrf_gpio_latches_read_and_clear  nrfx_gpiote.o
    0x0002b228   0x0000000e   Code   RO         3176    i.nrf_gpio_pin_clear  nrfx_spim.o
    0x0002b236   0x0000001e   Code   RO         2422    i.nrf_gpio_pin_present_check  nrfx_gpiote.o
    0x0002b254   0x0000000e   Code   RO          503    i.nrf_gpio_pin_set  st7567.o
    0x0002b262   0x0000000e   Code   RO         3177    i.nrf_gpio_pin_set  nrfx_spim.o
    0x0002b270   0x0000000e   Code   RO         3291    i.nrf_gpio_pin_set  nrf_drv_twi.o
    0x0002b27e   0x00000016   Code   RO          886    i.nrf_gpio_pin_write  boards.o
    0x0002b294   0x00000014   Code   RO         2423    i.nrf_gpiote_event_clear  nrfx_gpiote.o
    0x0002b2a8   0x00000010   Code   RO         2424    i.nrf_gpiote_event_is_set  nrfx_gpiote.o
    0x0002b2b8   0x0000005c   Code   RO         5275    i.nrf_log_backend_add  nrf_log_frontend.o
    0x0002b314   0x00000002   Code   RO         5133    i.nrf_log_backend_rtt_flush  nrf_log_backend_rtt.o
    0x0002b316   0x00000004   Code   RO         5134    i.nrf_log_backend_rtt_init  nrf_log_backend_rtt.o
    0x0002b31a   0x00000002   Code   RO         5135    i.nrf_log_backend_rtt_panic_set  nrf_log_backend_rtt.o
    0x0002b31c   0x00000018   Code   RO         5136    i.nrf_log_backend_rtt_put  nrf_log_backend_rtt.o
    0x0002b334   0x000000c8   Code   RO         5199    i.nrf_log_backend_serial_put  nrf_log_backend_serial.o
    0x0002b3fc   0x00000030   Code   RO         5277    i.nrf_log_color_id_get  nrf_log_frontend.o
    0x0002b42c   0x0000001c   Code   RO         5233    i.nrf_log_default_backends_init  nrf_log_default_backends.o
    0x0002b448   0x00000238   Code   RO         5278    i.nrf_log_frontend_dequeue  nrf_log_frontend.o
    0x0002b680   0x000000a8   Code   RO         5279    i.nrf_log_frontend_hexdump  nrf_log_frontend.o
    0x0002b728   0x00000008   Code   RO         5280    i.nrf_log_frontend_std_0  nrf_log_frontend.o
    0x0002b730   0x0000000e   Code   RO         5281    i.nrf_log_frontend_std_1  nrf_log_frontend.o
    0x0002b73e   0x00000010   Code   RO         5282    i.nrf_log_frontend_std_2  nrf_log_frontend.o
    0x0002b74e   0x00000012   Code   RO         5283    i.nrf_log_frontend_std_3  nrf_log_frontend.o
    0x0002b760   0x0000001c   Code   RO         5286    i.nrf_log_frontend_std_6  nrf_log_frontend.o
    0x0002b77c   0x000000b0   Code   RO         5456    i.nrf_log_hexdump_entry_process  nrf_log_str_formatter.o
    0x0002b82c   0x00000028   Code   RO         5287    i.nrf_log_init      nrf_log_frontend.o
    0x0002b854   0x00000014   Code   RO         5288    i.nrf_log_module_cnt_get  nrf_log_frontend.o
    0x0002b868   0x0000001c   Code   RO         5291    i.nrf_log_module_name_get  nrf_log_frontend.o
    0x0002b884   0x00000028   Code   RO         5292    i.nrf_log_panic     nrf_log_frontend.o
    0x0002b8ac   0x000000b6   Code   RO         5457    i.nrf_log_std_entry_process  nrf_log_str_formatter.o
    0x0002b962   0x00000060   Code   RO         4758    i.nrf_memobj_alloc  nrf_memobj.o
    0x0002b9c2   0x00000032   Code   RO         4759    i.nrf_memobj_free   nrf_memobj.o
    0x0002b9f4   0x00000008   Code   RO         4760    i.nrf_memobj_get    nrf_memobj.o
    0x0002b9fc   0x00000004   Code   RO         4761    i.nrf_memobj_pool_init  nrf_memobj.o
    0x0002ba00   0x0000001e   Code   RO         4762    i.nrf_memobj_put    nrf_memobj.o
    0x0002ba1e   0x00000010   Code   RO         4763    i.nrf_memobj_read   nrf_memobj.o
    0x0002ba2e   0x00000010   Code   RO         4764    i.nrf_memobj_write  nrf_memobj.o
    0x0002ba3e   0x00000002   PAD
    0x0002ba40   0x00000028   Code   RO         4836    i.nrf_pwr_mgmt_init  nrf_pwr_mgmt.o
    0x0002ba68   0x00000044   Code   RO         4837    i.nrf_pwr_mgmt_run  nrf_pwr_mgmt.o
    0x0002baac   0x00000004   Code   RO           13    i.nrf_qwr_error_handler  main.o
    0x0002bab0   0x0000001c   Code   RO         4913    i.nrf_ringbuf_init  nrf_ringbuf.o
    0x0002bacc   0x0000000c   Code   RO         4179    i.nrf_rtc_event_clear  drv_rtc.o
    0x0002bad8   0x00000014   Code   RO         5887    i.nrf_sdh_ble_app_ram_start_get  nrf_sdh_ble.o
    0x0002baec   0x00000130   Code   RO         5888    i.nrf_sdh_ble_default_cfg_set  nrf_sdh_ble.o
    0x0002bc1c   0x00000130   Code   RO         5889    i.nrf_sdh_ble_enable  nrf_sdh_ble.o
    0x0002bd4c   0x00000060   Code   RO         5890    i.nrf_sdh_ble_evts_poll  nrf_sdh_ble.o
    0x0002bdac   0x00000074   Code   RO         5769    i.nrf_sdh_enable_request  nrf_sdh.o
    0x0002be20   0x00000024   Code   RO         5770    i.nrf_sdh_evts_poll  nrf_sdh.o
    0x0002be44   0x0000000c   Code   RO         5771    i.nrf_sdh_is_enabled  nrf_sdh.o
    0x0002be50   0x0000003c   Code   RO         5941    i.nrf_sdh_soc_evts_poll  nrf_sdh_soc.o
    0x0002be8c   0x0000000a   Code   RO         4971    i.nrf_section_iter_init  nrf_section_iter.o
    0x0002be96   0x00000024   Code   RO         4972    i.nrf_section_iter_item_set  nrf_section_iter.o
    0x0002beba   0x00000020   Code   RO         4973    i.nrf_section_iter_next  nrf_section_iter.o
    0x0002beda   0x00000022   Code   RO         5006    i.nrf_sortlist_add  nrf_sortlist.o
    0x0002befc   0x00000006   Code   RO         5008    i.nrf_sortlist_peek  nrf_sortlist.o
    0x0002bf02   0x0000000e   Code   RO         5009    i.nrf_sortlist_pop  nrf_sortlist.o
    0x0002bf10   0x0000001e   Code   RO         5010    i.nrf_sortlist_remove  nrf_sortlist.o
    0x0002bf2e   0x0000000a   Code   RO         3178    i.nrf_spim_event_check  nrfx_spim.o
    0x0002bf38   0x00000038   Code   RO         5062    i.nrf_strerror_find  nrf_strerror.o
    0x0002bf70   0x00000014   Code   RO         5063    i.nrf_strerror_get  nrf_strerror.o
    0x0002bf84   0x0000000a   Code   RO         3420    i.nrf_twim_event_check  nrfx_twim.o
    0x0002bf8e   0x0000000c   Code   RO         3421    i.nrf_twim_event_clear  nrfx_twim.o
    0x0002bf9a   0x0000000a   Code   RO         2777    i.nrf_uart_event_check  nrfx_uart.o
    0x0002bfa4   0x0000000c   Code   RO         2778    i.nrf_uart_event_clear  nrfx_uart.o
    0x0002bfb0   0x0000000c   Code   RO         2779    i.nrf_uart_int_enable_check  nrfx_uart.o
    0x0002bfbc   0x0000000a   Code   RO         2966    i.nrf_uarte_event_check  nrfx_uarte.o
    0x0002bfc6   0x0000000c   Code   RO         2967    i.nrf_uarte_event_clear  nrfx_uarte.o
    0x0002bfd2   0x00000002   PAD
    0x0002bfd4   0x00000010   Code   RO         1944    i.nrf_wdt_started   nrf_drv_clock.o
    0x0002bfe4   0x0000002c   Code   RO         2281    i.nrfx_clock_enable  nrfx_clock.o
    0x0002c010   0x00000020   Code   RO         2284    i.nrfx_clock_init   nrfx_clock.o
    0x0002c030   0x00000030   Code   RO         2287    i.nrfx_clock_lfclk_stop  nrfx_clock.o
    0x0002c060   0x00000010   Code   RO         3292    i.nrfx_coredep_delay_us  nrf_drv_twi.o
    0x0002c070   0x00000010   Code   RO         4180    i.nrfx_coredep_delay_us  drv_rtc.o
    0x0002c080   0x000000a0   Code   RO         2430    i.nrfx_gpiote_in_event_enable  nrfx_gpiote.o
    0x0002c120   0x000000cc   Code   RO         2432    i.nrfx_gpiote_in_init  nrfx_gpiote.o
    0x0002c1ec   0x00000074   Code   RO         2435    i.nrfx_gpiote_init  nrfx_gpiote.o
    0x0002c260   0x0000000e   Code   RO         2437    i.nrfx_gpiote_out_clear  nrfx_gpiote.o
    0x0002c26e   0x00000002   PAD
    0x0002c270   0x000000bc   Code   RO         2438    i.nrfx_gpiote_out_init  nrfx_gpiote.o
    0x0002c32c   0x0000000e   Code   RO         2439    i.nrfx_gpiote_out_set  nrfx_gpiote.o
    0x0002c33a   0x00000010   Code   RO         2968    i.nrfx_is_in_ram    nrfx_uarte.o
    0x0002c34a   0x00000010   Code   RO         3179    i.nrfx_is_in_ram    nrfx_spim.o
    0x0002c35a   0x00000010   Code   RO         3422    i.nrfx_is_in_ram    nrfx_twim.o
    0x0002c36a   0x0000003a   Code   RO         2719    i.nrfx_prs_acquire  nrfx_prs.o
    0x0002c3a4   0x0000016c   Code   RO         3182    i.nrfx_spim_init    nrfx_spim.o
    0x0002c510   0x00000064   Code   RO         3185    i.nrfx_spim_xfer    nrfx_spim.o
    0x0002c574   0x00000024   Code   RO         3424    i.nrfx_twim_enable  nrfx_twim.o
    0x0002c598   0x000000e4   Code   RO         3425    i.nrfx_twim_init    nrfx_twim.o
    0x0002c67c   0x00000030   Code   RO         3427    i.nrfx_twim_rx      nrfx_twim.o
    0x0002c6ac   0x00000036   Code   RO         3430    i.nrfx_twim_tx      nrfx_twim.o
    0x0002c6e2   0x00000002   PAD
    0x0002c6e4   0x00000028   Code   RO         3432    i.nrfx_twim_xfer    nrfx_twim.o
    0x0002c70c   0x00000010   Code   RO         2780    i.nrfx_uart_0_irq_handler  nrfx_uart.o
    0x0002c71c   0x000000d4   Code   RO         2782    i.nrfx_uart_init    nrfx_uart.o
    0x0002c7f0   0x000000ec   Code   RO         2783    i.nrfx_uart_rx      nrfx_uart.o
    0x0002c8dc   0x000000a8   Code   RO         2788    i.nrfx_uart_tx      nrfx_uart.o
    0x0002c984   0x00000020   Code   RO         2790    i.nrfx_uart_tx_in_progress  nrfx_uart.o
    0x0002c9a4   0x00000010   Code   RO         2969    i.nrfx_uarte_0_irq_handler  nrfx_uarte.o
    0x0002c9b4   0x0000006c   Code   RO         2971    i.nrfx_uarte_init   nrfx_uarte.o
    0x0002ca20   0x00000104   Code   RO         2972    i.nrfx_uarte_rx     nrfx_uarte.o
    0x0002cb24   0x000000ac   Code   RO         2975    i.nrfx_uarte_tx     nrfx_uarte.o
    0x0002cbd0   0x0000001c   Code   RO         2977    i.nrfx_uarte_tx_in_progress  nrfx_uarte.o
    0x0002cbec   0x000000d4   Code   RO           14    i.nus_data_handler  main.o
    0x0002ccc0   0x00000024   Code   RO           15    i.on_adv_evt        main.o
    0x0002cce4   0x0000001c   Code   RO           16    i.on_conn_params_evt  main.o
    0x0002cd00   0x0000006a   Code   RO         1874    i.on_connect        ble_nus.o
    0x0002cd6a   0x00000002   PAD
    0x0002cd6c   0x000000a8   Code   RO         1737    i.on_connected_evt  nrf_ble_gatt.o
    0x0002ce14   0x000000ac   Code   RO         1738    i.on_exchange_mtu_request_evt  nrf_ble_gatt.o
    0x0002cec0   0x00000084   Code   RO         1875    i.on_write          ble_nus.o
    0x0002cf44   0x00000012   Code   RO         1314    i.phy_is_valid      ble_advertising.o
    0x0002cf56   0x00000002   PAD
    0x0002cf58   0x0000001c   Code   RO         2454    i.pin_configured_set  nrfx_gpiote.o
    0x0002cf74   0x00000018   Code   RO         2455    i.pin_in_use_by_port  nrfx_gpiote.o
    0x0002cf8c   0x00000018   Code   RO         2456    i.pin_in_use_by_te  nrfx_gpiote.o
    0x0002cfa4   0x00000054   Code   RO          504    i.pixel             st7567.o
    0x0002cff8   0x000000b4   Code   RO         2457    i.port_event_handle  nrfx_gpiote.o
    0x0002d0ac   0x00000010   Code   RO         2458    i.port_handler_polarity_get  nrfx_gpiote.o
    0x0002d0bc   0x0000003c   Code   RO         5459    i.postfix_process   nrf_log_str_formatter.o
    0x0002d0f8   0x00000098   Code   RO         5460    i.prefix_process    nrf_log_str_formatter.o
    0x0002d190   0x00000018   Code   RO         2721    i.prs_box_get       nrfx_prs.o
    0x0002d1a8   0x00000098   Code   RO          705    i.readRtcData       ds3231.o
    0x0002d240   0x0000005c   Code   RO         3885    i.rtc_irq           app_timer2.o
    0x0002d29c   0x00000064   Code   RO         3886    i.rtc_schedule      app_timer2.o
    0x0002d300   0x00000074   Code   RO         3887    i.rtc_update        app_timer2.o
    0x0002d374   0x00000032   Code   RO         2792    i.rx_byte           nrfx_uart.o
    0x0002d3a6   0x00000016   Code   RO         2793    i.rx_done_event     nrfx_uart.o
    0x0002d3bc   0x00000016   Code   RO         2979    i.rx_done_event     nrfx_uarte.o
    0x0002d3d2   0x00000020   Code   RO         2794    i.rx_enable         nrfx_uart.o
    0x0002d3f2   0x00000002   PAD
    0x0002d3f4   0x00000058   Code   RO         1945    i.sd_state_evt_handler  nrf_drv_clock.o
    0x0002d44c   0x00000030   Code   RO         5776    i.sdh_request_observer_notify  nrf_sdh.o
    0x0002d47c   0x0000002c   Code   RO         5777    i.sdh_state_observer_notify  nrf_sdh.o
    0x0002d4a8   0x00000018   Code   RO          507    i.sendCmd           st7567.o
    0x0002d4c0   0x0000001c   Code   RO          508    i.sendData          st7567.o
    0x0002d4dc   0x00000038   Code   RO          509    i.sendSPI           st7567.o
    0x0002d514   0x00000010   Code   RO         1408    i.send_error_evt    ble_conn_params.o
    0x0002d524   0x00000050   Code   RO         5137    i.serial_tx         nrf_log_backend_rtt.o
    0x0002d574   0x00000088   Code   RO         1207    i.service_data_encode  ble_advdata.o
    0x0002d5fc   0x00000064   Code   RO          706    i.setRtcTime        ds3231.o
    0x0002d660   0x00000030   Code   RO         1675    i.set_security_req  ble_srv_common.o
    0x0002d690   0x00000028   Code   RO           17    i.sleep_mode_enter  main.o
    0x0002d6b8   0x00000018   Code   RO         1946    i.soc_evt_handler   nrf_drv_clock.o
    0x0002d6d0   0x00000058   Code   RO         5779    i.softdevices_evt_irq_enable  nrf_sdh.o
    0x0002d728   0x0000000c   Code   RO         3888    i.sortlist_pop      app_timer2.o
    0x0002d734   0x0000005c   Code   RO          513    i.spi_event_handler  st7567.o
    0x0002d790   0x00000038   Code   RO         3121    i.spim_evt_handler  nrf_drv_spi.o
    0x0002d7c8   0x000000bc   Code   RO         3186    i.spim_xfer         nrfx_spim.o
    0x0002d884   0x00000094   Code   RO         5294    i.std_n             nrf_log_frontend.o
    0x0002d918   0x00000058   Code   RO         3889    i.timer_expire      app_timer2.o
    0x0002d970   0x00000034   Code   RO          810    i.timer_handler     keypad.o
    0x0002d9a4   0x00000078   Code   RO         3890    i.timer_req_process  app_timer2.o
    0x0002da1c   0x00000038   Code   RO         3891    i.timer_req_schedule  app_timer2.o
    0x0002da54   0x000000aa   Code   RO         3293    i.twi_clear_bus     nrf_drv_twi.o
    0x0002dafe   0x00000002   PAD
    0x0002db00   0x00000014   Code   RO          707    i.twi_handler       ds3231.o
    0x0002db14   0x00000040   Code   RO          708    i.twi_init          ds3231.o
    0x0002db54   0x00000040   Code   RO         3294    i.twim_evt_handler  nrf_drv_twi.o
    0x0002db94   0x00000194   Code   RO         3433    i.twim_irq_handler  nrfx_twim.o
    0x0002dd28   0x00000298   Code   RO         3434    i.twim_xfer         nrfx_twim.o
    0x0002dfc0   0x00000020   Code   RO         2795    i.tx_byte           nrfx_uart.o
    0x0002dfe0   0x0000001a   Code   RO         2796    i.tx_done_event     nrfx_uart.o
    0x0002dffa   0x0000001a   Code   RO         2980    i.tx_done_event     nrfx_uarte.o
    0x0002e014   0x0000015c   Code   RO           18    i.uart_event_handle  main.o
    0x0002e170   0x000000a4   Code   RO         4020    i.uart_event_handler  app_uart_fifo.o
    0x0002e214   0x00000030   Code   RO         2084    i.uart_evt_handler  nrf_drv_uart.o
    0x0002e244   0x0000012a   Code   RO         2797    i.uart_irq_handler  nrfx_uart.o
    0x0002e36e   0x00000002   PAD
    0x0002e370   0x00000030   Code   RO         2085    i.uarte_evt_handler  nrf_drv_uart.o
    0x0002e3a0   0x00000112   Code   RO         2981    i.uarte_irq_handler  nrfx_uarte.o
    0x0002e4b2   0x0000000a   Code   RO         1208    i.uint16_encode     ble_advdata.o
    0x0002e4bc   0x000000b4   Code   RO         4720    i.unsigned_print    nrf_fprintf_format.o
    0x0002e570   0x00000068   Code   RO         1409    i.update_timeout_handler  ble_conn_params.o
    0x0002e5d8   0x00000018   Code   RO         1315    i.use_whitelist     ble_advertising.o
    0x0002e5f0   0x00000024   Code   RO         1833    i.user_mem_reply    nrf_ble_qwr.o
    0x0002e614   0x00000030   Code   RO         1209    i.uuid_list_encode  ble_advdata.o
    0x0002e644   0x0000009e   Code   RO         1210    i.uuid_list_sized_encode  ble_advdata.o
    0x0002e6e2   0x0000003a   Code   RO          990    i.wakeup_button_cfg  bsp.o
    0x0002e71c   0x00000018   Code   RO          514    i.width             st7567.o
    0x0002e734   0x00000048   Code   RO          709    i.writeRtcData      ds3231.o
    0x0002e77c   0x00000062   Code   RO         3435    i.xfer_completeness_check  nrfx_twim.o
    0x0002e7de   0x00000002   PAD
    0x0002e7e0   0x00000020   Data   RO           22    .constdata          main.o
    0x0002e800   0x0000074c   Data   RO          516    .constdata          st7567.o
    0x0002ef4c   0x00000004   PAD
    0x0002ef50   0x00000028   Data   RO          710    .constdata          ds3231.o
    0x0002ef78   0x00000010   Data   RO          813    .constdata          keypad.o
    0x0002ef88   0x00000008   Data   RO          887    .constdata          boards.o
    0x0002ef90   0x0000002c   Data   RO          995    .constdata          bsp.o
    0x0002efbc   0x00000016   Data   RO         1739    .constdata          nrf_ble_gatt.o
    0x0002efd2   0x00000002   PAD
    0x0002efd4   0x00000010   Data   RO         1876    .constdata          ble_nus.o
    0x0002efe4   0x00000004   Data   RO         2460    .constdata          nrfx_gpiote.o
    0x0002efe8   0x00000004   Data   RO         2800    .constdata          nrfx_uart.o
    0x0002efec   0x00000004   Data   RO         2984    .constdata          nrfx_uarte.o
    0x0002eff0   0x00000010   Data   RO         3123    .constdata          nrf_drv_spi.o
    0x0002f000   0x00000004   Data   RO         3189    .constdata          nrfx_spim.o
    0x0002f004   0x0000000c   PAD
    0x0002f010   0x00000006   Data   RO         3295    .constdata          nrf_drv_twi.o
    0x0002f016   0x00000002   PAD
    0x0002f018   0x00000018   Data   RO         3438    .constdata          nrfx_twim.o
    0x0002f030   0x00000014   Data   RO         3894    .constdata          app_timer2.o
    0x0002f044   0x00000020   Data   RO         4022    .constdata          app_uart_fifo.o
    0x0002f064   0x0000000c   PAD
    0x0002f070   0x00000006   Data   RO         4181    .constdata          drv_rtc.o
    0x0002f076   0x00000010   Data   RO         4721    .constdata          nrf_fprintf_format.o
    0x0002f086   0x00000002   PAD
    0x0002f088   0x00000018   Data   RO         4841    .constdata          nrf_pwr_mgmt.o
    0x0002f0a0   0x0000000c   Data   RO         4842    .constdata          nrf_pwr_mgmt.o
    0x0002f0ac   0x0000013c   Data   RO         5064    .constdata          nrf_strerror.o
    0x0002f1e8   0x0000000c   Data   RO         5139    .constdata          nrf_log_backend_rtt.o
    0x0002f1f4   0x0000000c   PAD
    0x0002f200   0x00000006   Data   RO         5140    .constdata          nrf_log_backend_rtt.o
    0x0002f206   0x00000002   PAD
    0x0002f208   0x0000000c   Data   RO         5299    .constdata          nrf_log_frontend.o
    0x0002f214   0x00000010   Data   RO         5780    .constdata          nrf_sdh.o
    0x0002f224   0x00000028   Data   RO         5781    .constdata          nrf_sdh.o
    0x0002f24c   0x00000010   Data   RO         5782    .constdata          nrf_sdh.o
    0x0002f25c   0x00000010   Data   RO         5783    .constdata          nrf_sdh.o
    0x0002f26c   0x00000020   Data   RO         5891    .constdata          nrf_sdh_ble.o
    0x0002f28c   0x00000010   Data   RO         5892    .constdata          nrf_sdh_ble.o
    0x0002f29c   0x00000010   Data   RO         5942    .constdata          nrf_sdh_soc.o
    0x0002f2ac   0x0000000c   Data   RO         5943    .constdata          nrf_sdh_soc.o
    0x0002f2b8   0x00000081   Data   RO         6039    .constdata          mc_w.l(ctype_o.o)
    0x0002f339   0x00000003   PAD
    0x0002f33c   0x00000004   Data   RO         6040    .constdata          mc_w.l(ctype_o.o)
    0x0002f340   0x000000a2   Data   RO         1740    .conststring        nrf_ble_gatt.o
    0x0002f3e2   0x00000002   PAD
    0x0002f3e4   0x000003eb   Data   RO         5065    .conststring        nrf_strerror.o
    0x0002f7cf   0x00000001   PAD
    0x0002f7d0   0x00000066   Data   RO         5461    .conststring        nrf_log_str_formatter.o
    0x0002f836   0x00000002   PAD
    0x0002f838   0x000001cf   Data   RO         5893    .conststring        nrf_sdh_ble.o
    0x0002fa07   0x00000001   PAD
    0x0002fa08   0x0000000d   Data   RO         1741    .conststrlit        nrf_ble_gatt.o
    0x0002fa15   0x00000003   PAD
    0x0002fa18   0x00000008   Data   RO         1877    .conststrlit        ble_nus.o
    0x0002fa20   0x00000006   Data   RO         1952    .conststrlit        nrf_drv_clock.o
    0x0002fa26   0x00000002   PAD
    0x0002fa28   0x00000006   Data   RO         2291    .conststrlit        nrfx_clock.o
    0x0002fa2e   0x00000002   PAD
    0x0002fa30   0x00000007   Data   RO         2464    .conststrlit        nrfx_gpiote.o
    0x0002fa37   0x00000001   PAD
    0x0002fa38   0x00000004   Data   RO         2723    .conststrlit        nrfx_prs.o
    0x0002fa3c   0x00000005   Data   RO         2803    .conststrlit        nrfx_uart.o
    0x0002fa41   0x00000003   PAD
    0x0002fa44   0x00000006   Data   RO         2987    .conststrlit        nrfx_uarte.o
    0x0002fa4a   0x00000002   PAD
    0x0002fa4c   0x00000005   Data   RO         3192    .conststrlit        nrfx_spim.o
    0x0002fa51   0x00000003   PAD
    0x0002fa54   0x00000005   Data   RO         3441    .conststrlit        nrfx_twim.o
    0x0002fa59   0x00000003   PAD
    0x0002fa5c   0x0000000b   Data   RO         3587    .conststrlit        app_button.o
    0x0002fa67   0x00000001   PAD
    0x0002fa68   0x0000000a   Data   RO         3895    .conststrlit        app_timer2.o
    0x0002fa72   0x00000002   PAD
    0x0002fa74   0x00000009   Data   RO         4843    .conststrlit        nrf_pwr_mgmt.o
    0x0002fa7d   0x00000003   PAD
    0x0002fa80   0x00000009   Data   RO         5011    .conststrlit        nrf_sortlist.o
    0x0002fa89   0x00000003   PAD
    0x0002fa8c   0x00000010   Data   RO         5234    .conststrlit        nrf_log_default_backends.o
    0x0002fa9c   0x00000004   Data   RO         5300    .conststrlit        nrf_log_frontend.o
    0x0002faa0   0x00000008   Data   RO         5784    .conststrlit        nrf_sdh.o
    0x0002faa8   0x0000000c   Data   RO         5894    .conststrlit        nrf_sdh_ble.o
    0x0002fab4   0x0000000c   Data   RO         5944    .conststrlit        nrf_sdh_soc.o
    0x0002fac0   0x00000020   Data   RO         6376    Region$$Table       anon$$obj.o
    0x0002fae0   0x00000010   Data   RO         5236    log_backends        nrf_log_default_backends.o
    0x0002faf0   0x00000008   Data   RO         1742    log_const_data      nrf_ble_gatt.o
    0x0002faf8   0x00000008   Data   RO         1878    log_const_data      ble_nus.o
    0x0002fb00   0x00000008   Data   RO         1953    log_const_data      nrf_drv_clock.o
    0x0002fb08   0x00000008   Data   RO         2293    log_const_data      nrfx_clock.o
    0x0002fb10   0x00000008   Data   RO         2465    log_const_data      nrfx_gpiote.o
    0x0002fb18   0x00000008   Data   RO         2725    log_const_data      nrfx_prs.o
    0x0002fb20   0x00000008   Data   RO         2804    log_const_data      nrfx_uart.o
    0x0002fb28   0x00000008   Data   RO         2988    log_const_data      nrfx_uarte.o
    0x0002fb30   0x00000008   Data   RO         3193    log_const_data      nrfx_spim.o
    0x0002fb38   0x00000008   Data   RO         3442    log_const_data      nrfx_twim.o
    0x0002fb40   0x00000008   Data   RO         3589    log_const_data      app_button.o
    0x0002fb48   0x00000008   Data   RO         3898    log_const_data      app_timer2.o
    0x0002fb50   0x00000008   Data   RO         4845    log_const_data      nrf_pwr_mgmt.o
    0x0002fb58   0x00000008   Data   RO         5012    log_const_data      nrf_sortlist.o
    0x0002fb60   0x00000008   Data   RO         5304    log_const_data      nrf_log_frontend.o
    0x0002fb68   0x00000008   Data   RO         5786    log_const_data      nrf_sdh.o
    0x0002fb70   0x00000008   Data   RO         5896    log_const_data      nrf_sdh_ble.o
    0x0002fb78   0x00000008   Data   RO         5945    log_const_data      nrf_sdh_soc.o
    0x0002fb80   0x00000014   Data   RO         5305    nrf_balloc          nrf_log_frontend.o
    0x0002fb94   0x00000008   Data   RO         1498    sdh_ble_observers0  ble_conn_state.o
    0x0002fb9c   0x00000010   Data   RO           26    sdh_ble_observers1  main.o
    0x0002fbac   0x00000008   Data   RO         1098    sdh_ble_observers1  bsp_btn_ble.o
    0x0002fbb4   0x00000008   Data   RO         1412    sdh_ble_observers1  ble_conn_params.o
    0x0002fbbc   0x00000010   Data   RO           27    sdh_ble_observers2  main.o
    0x0002fbcc   0x00000008   Data   RO           28    sdh_ble_observers3  main.o
    0x0002fbd4   0x00000008   Data   RO         1954    sdh_soc_observers0  nrf_drv_clock.o
    0x0002fbdc   0x00000008   Data   RO         5897    sdh_stack_observers0  nrf_sdh_ble.o
    0x0002fbe4   0x00000008   Data   RO         5946    sdh_stack_observers0  nrf_sdh_soc.o
    0x0002fbec   0x00000008   Data   RO         1955    sdh_state_observers0  nrf_drv_clock.o


    Execution Region RW_IRAM1 (Base: 0x20002ad8, Size: 0x000039a8, Max: 0x0000d528, ABSOLUTE, COMPRESSED[0x00000084])

    Base Addr    Size         Type   Attr      Idx    E Section Name        Object

    0x20002ad8   0x00000008   Data   RW           23    .data               main.o
    0x20002ae0   0x0000003c   Data   RW           24    .data               main.o
    0x20002b1c   0x00000004   Data   RW           25    .data               main.o
    0x20002b20   0x00000034   Data   RW          517    .data               st7567.o
    0x20002b54   0x0000000a   Data   RW          711    .data               ds3231.o
    0x20002b5e   0x00000002   PAD
    0x20002b60   0x0000001c   Data   RW          814    .data               keypad.o
    0x20002b7c   0x00000010   Data   RW          996    .data               bsp.o
    0x20002b8c   0x00000008   Data   RW         1097    .data               bsp_btn_ble.o
    0x20002b94   0x00000008   Data   RW         1411    .data               ble_conn_params.o
    0x20002b9c   0x0000000c   Data   RW         2086    .data               nrf_drv_uart.o
    0x20002ba8   0x00000008   Data   RW         2292    .data               nrfx_clock.o
    0x20002bb0   0x00000008   Data   RW         2724    .data               nrfx_prs.o
    0x20002bb8   0x00000010   Data   RW         3296    .data               nrf_drv_twi.o
    0x20002bc8   0x00000010   Data   RW         3830    .data               app_scheduler.o
    0x20002bd8   0x00000020   Data   RW         3896    .data               app_timer2.o
    0x20002bf8   0x00000004   Data   RW         3897    .data               app_timer2.o
    0x20002bfc   0x0000001c   Data   RW         4023    .data               app_uart_fifo.o
    0x20002c18   0x0000000c   Data   RW         4182    .data               drv_rtc.o
    0x20002c24   0x00000008   Data   RW         4844    .data               nrf_pwr_mgmt.o
    0x20002c2c   0x00000001   Data   RW         5141    .data               nrf_log_backend_rtt.o
    0x20002c2d   0x00000003   PAD
    0x20002c30   0x00000008   Data   RW         5235    .data               nrf_log_default_backends.o
    0x20002c38   0x00000004   Data   RW         5301    .data               nrf_log_frontend.o
    0x20002c3c   0x00000008   Data   RW         5302    .data               nrf_log_frontend.o
    0x20002c44   0x00000008   Data   RW         5303    .data               nrf_log_frontend.o
    0x20002c4c   0x00000040   Data   RW         5462    .data               nrf_log_str_formatter.o
    0x20002c8c   0x00000003   Data   RW         5785    .data               nrf_sdh.o
    0x20002c8f   0x00000001   Data   RW         5895    .data               nrf_sdh_ble.o
    0x20002c90   0x00000004   Data   RW         5985    .data               system_nrf52.o
    0x20002c94   0x00000004   PAD
    0x20002c98   0x00000020   Zero   RW           19    .bss                main.o
    0x20002cb8   0x00000020   Zero   RW           20    .bss                main.o
    0x20002cd8   0x000007f8   Zero   RW           21    .bss                main.o
    0x200034d0   0x00000419   Zero   RW          515    .bss                st7567.o
    0x200038e9   0x00000007   PAD
    0x200038f0   0x00000020   Zero   RW          811    .bss                keypad.o
    0x20003910   0x00000020   Zero   RW          812    .bss                keypad.o
    0x20003930   0x00000020   Zero   RW          991    .bss                bsp.o
    0x20003950   0x00000020   Zero   RW          992    .bss                bsp.o
    0x20003970   0x0000000c   Zero   RW          993    .bss                bsp.o
    0x2000397c   0x00000004   PAD
    0x20003980   0x00000020   Zero   RW          994    .bss                bsp.o
    0x200039a0   0x00000050   Zero   RW         1410    .bss                ble_conn_params.o
    0x200039f0   0x0000007c   Zero   RW         1497    .bss                ble_conn_state.o
    0x20003a6c   0x00000014   Zero   RW         1947    .bss                nrf_drv_clock.o
    0x20003a80   0x0000005c   Zero   RW         2459    .bss                nrfx_gpiote.o
    0x20003adc   0x0000002c   Zero   RW         2798    .bss                nrfx_uart.o
    0x20003b08   0x00000024   Zero   RW         2982    .bss                nrfx_uarte.o
    0x20003b2c   0x00000018   Zero   RW         3122    .bss                nrf_drv_spi.o
    0x20003b44   0x00000024   Zero   RW         3187    .bss                nrfx_spim.o
    0x20003b68   0x00000034   Zero   RW         3436    .bss                nrfx_twim.o
    0x20003b9c   0x00000010   Zero   RW         3892    .bss                app_timer2.o
    0x20003bac   0x00000058   Zero   RW         3893    .bss                app_timer2.o
    0x20003c04   0x00000020   Zero   RW         4021    .bss                app_uart_fifo.o
    0x20003c24   0x0000000c   Zero   RW         4096    .bss                app_util_platform.o
    0x20003c30   0x0000000c   Zero   RW         4840    .bss                nrf_pwr_mgmt.o
    0x20003c3c   0x00000040   Zero   RW         5138    .bss                nrf_log_backend_rtt.o
    0x20003c7c   0x000000c0   Zero   RW         5295    .bss                nrf_log_frontend.o
    0x20003d3c   0x00000080   Zero   RW         5296    .bss                nrf_log_frontend.o
    0x20003dbc   0x00000018   Zero   RW         5297    .bss                nrf_log_frontend.o
    0x20003dd4   0x00000420   Zero   RW         5298    .bss                nrf_log_frontend.o
    0x200041f4   0x00000288   Zero   RW         5538    .bss                segger_rtt.o
    0x2000447c   0x00000004   PAD
    0x20004480   0x00002000   Zero   RW         5973    STACK               arm_startup_nrf52.o


==============================================================================

Image component sizes


      Code (inc. data)   RO Data    RW Data    ZI Data      Debug   Object Name

         0          0         19          0          0       1827   app_button.o
        22          0          0          0          0       2493   app_error.o
       132         46          0          0          0      34057   app_error_weak.o
       118          0          0          0          0       4978   app_fifo.o
       268         16          0         16          0      41889   app_scheduler.o
       846         88         38         36        104      16553   app_timer2.o
       528         60         32         28         32      16054   app_uart_fifo.o
       124         14          0          0         12      10574   app_util_platform.o
        36          8        512          0       8192        924   arm_startup_nrf52.o
      1338          0          0          0          0      53340   ble_advdata.o
      1018          6          0          0          0      10123   ble_advertising.o
       636         44          8          8         80       9259   ble_conn_params.o
       390         10          8          0        124       7663   ble_conn_state.o
        72          0          0          0          0       1644   ble_link_ctx_manager.o
       670          6         32          0          0       6932   ble_nus.o
       456          6          0          0          0       3355   ble_srv_common.o
       206         32          8          0          0      11153   boards.o
       804         60         44         16        108      12608   bsp.o
       196          6          8          8          0       3925   bsp_btn_ble.o
       704         76          6         12          0      47853   drv_rtc.o
       554         54         40         10          0      23135   ds3231.o
       682        166         16         28         64       7664   keypad.o
      2076        418         72         72       2104     206385   main.o
       326          0          0          0          0       5915   nrf_atfifo.o
        64          0          0          0          0       2996   nrf_atflags.o
       306          0          0          0          0       7991   nrf_atomic.o
       164          0          0          0          0       3616   nrf_balloc.o
       950        272        205          0          0      37953   nrf_ble_gatt.o
       276          0          0          0          0       4673   nrf_ble_qwr.o
       312         36         30          0         20      43556   nrf_drv_clock.o
       168         18         16          0         24       6407   nrf_drv_spi.o
       328         16          6         16          0      23547   nrf_drv_twi.o
       200         26          0         12          0      17788   nrf_drv_uart.o
        50          0          0          0          0       3513   nrf_fprintf.o
       866          4         16          0          0       6534   nrf_fprintf_format.o
       112         18         18          1         64       5585   nrf_log_backend_rtt.o
       200          0          0          0          0      10889   nrf_log_backend_serial.o
        28          4         32          8          0       3325   nrf_log_default_backends.o
      1692        136         44         20       1400      32587   nrf_log_frontend.o
       570        108        102         64          0       5636   nrf_log_str_formatter.o
       346          0          0          0          0       9535   nrf_memobj.o
       108         16         53          8         12      40826   nrf_pwr_mgmt.o
        28          0          0          0          0       2351   nrf_ringbuf.o
       384         46        104          3          0      42663   nrf_sdh.o
       724        232        539          1          0       5905   nrf_sdh_ble.o
        60          4         56          0          0       2456   nrf_sdh_soc.o
        78          0          0          0          0       2768   nrf_section_iter.o
        84          0         17          0          0       4089   nrf_sortlist.o
        76         10       1319          0          0       2727   nrf_strerror.o
       242         32         14          8          0      46984   nrfx_clock.o
      1444        112         19          0         92      67392   nrfx_gpiote.o
        94         16         12          8          0       3741   nrfx_prs.o
       846         22         17          0         36      21306   nrfx_spim.o
      1688         40         37          0         52      62312   nrfx_twim.o
      1368         38         17          0         44      30433   nrfx_uart.o
      1290         36         18          0         36      25067   nrfx_uarte.o
       378         34          0          0        648       8957   segger_rtt.o
      1658        224       1868         52       1049      32856   st7567.o
       920         72          0          4          0      13339   system_nrf52.o

    ----------------------------------------------------------------------
     30362       2688       5516        444      14316    1182606   Object Totals
         0          0         32          0          0          0   (incl. Generated)
        58          0         82          5         19          0   (incl. Padding)

    ----------------------------------------------------------------------

      Code (inc. data)   RO Data    RW Data    ZI Data      Debug   Library Member Name

        86          0          0          0          0          0   __dczerorl2.o
         8          4        133          0          0         68   ctype_o.o
         0          0          0          0          0          0   entry.o
         0          0          0          0          0          0   entry10a.o
         0          0          0          0          0          0   entry11a.o
         8          4          0          0          0          0   entry2.o
         4          0          0          0          0          0   entry5.o
         0          0          0          0          0          0   entry7b.o
         0          0          0          0          0          0   entry8b.o
         8          4          0          0          0          0   entry9a.o
        30          0          0          0          0          0   handlers.o
        36          8          0          0          0         68   init.o
         0          0          0          0          0          0   iusefp.o
        30          0          0          0          0         68   llshl.o
        36          0          0          0          0         68   llsshr.o
        32          0          0          0          0         68   llushr.o
        36          0          0          0          0         68   memcpya.o
        36          0          0          0          0        108   memseta.o
      2276         86          0          0          0        520   printfa.o
        18          0          0          0          0         68   strcpy.o
        14          0          0          0          0         68   strlen.o
        44          0          0          0          0         80   uidiv.o
        98          0          0          0          0         92   uldiv.o
        48          0          0          0          0         68   cdrcmple.o
       334          0          0          0          0        148   dadd.o
       222          0          0          0          0        100   ddiv.o
       186          0          0          0          0        176   depilogue.o
        48          0          0          0          0         68   dfixul.o
       228          0          0          0          0         96   dmul.o
        38          0          0          0          0         68   f2d.o

    ----------------------------------------------------------------------
      3910        106        136          0          0       2068   Library Totals
         6          0          3          0          0          0   (incl. Padding)

    ----------------------------------------------------------------------

      Code (inc. data)   RO Data    RW Data    ZI Data      Debug   Library Name

      2800        106        133          0          0       1344   mc_w.l
      1104          0          0          0          0        724   mf_w.l

    ----------------------------------------------------------------------
      3910        106        136          0          0       2068   Library Totals

    ----------------------------------------------------------------------

==============================================================================


      Code (inc. data)   RO Data    RW Data    ZI Data      Debug   

     34272       2794       5652        444      14316    1147618   Grand Totals
     34272       2794       5652        132      14316    1147618   ELF Image Totals (compressed)
     34272       2794       5652        132          0          0   ROM Totals

==============================================================================

    Total RO  Size (Code + RO Data)                39924 (  38.99kB)
    Total RW  Size (RW Data + ZI Data)             14760 (  14.41kB)
    Total ROM Size (Code + RO Data + RW Data)      40056 (  39.12kB)

==============================================================================

